Archive member included because of file (symbol)

libs/gcc/app_start.lib(fileSys.o)
                              build\gcc\obj/example/example_Universal_Code_Modbus_Comm_V09.o (Ql_FS_Open)
libs/gcc/app_start.lib(fota.o)
                              build\gcc\obj/custom/fota/src/fota_main.o (Ql_FOTA_Init)
libs/gcc/app_start.lib(gpio.o)
                              build\gcc\obj/example/example_Universal_Code_Modbus_Comm_V09.o (Ql_GPIO_Init)
libs/gcc/app_start.lib(gprs.o)
                              build\gcc\obj/example/example_Universal_Code_Modbus_Comm_V09.o (Ql_GPRS_GetPDPContextId)
libs/gcc/app_start.lib(lib_ril_sms.o)
                              build\gcc\obj/ril/src/ril_sms.o (LIB_SMS_IsValidHexStr)
libs/gcc/app_start.lib(memory.o)
                              build\gcc\obj/ril/src/ril_bluetooth.o (Ql_MEM_Alloc)
libs/gcc/app_start.lib(ql_func.o)
                              libs/gcc/app_start.lib(memory.o) (api_notsup)
libs/gcc/app_start.lib(ql_main.o)
                              build\gcc\obj/ril/src/ril_bluetooth.o (Ql_Debug_Trace)
libs/gcc/app_start.lib(ril_aux.o)
                              build\gcc\obj/custom/config/sys_config.o (proc_reserved2)
libs/gcc/app_start.lib(ril_main.o)
                              build\gcc\obj/custom/config/sys_config.o (proc_reserved1)
libs/gcc/app_start.lib(socket.o)
                              build\gcc\obj/example/example_Universal_Code_Modbus_Comm_V09.o (Ql_SOC_Register)
libs/gcc/app_start.lib(stdlib_func.o)
                              build\gcc\obj/ril/src/ril_dtmf.o (Ql_atof)
libs/gcc/app_start.lib(system.o)
                              build\gcc\obj/ril/src/ril_ftp.o (Ql_Sleep)
libs/gcc/app_start.lib(taskMngt.o)
                              build\gcc\obj/example/example_Universal_Code_Modbus_Comm_V09.o (Ql_OS_GetMessage)
libs/gcc/app_start.lib(time.o)
                              build\gcc\obj/example/example_Universal_Code_Modbus_Comm_V09.o (Ql_SetLocalTime)
libs/gcc/app_start.lib(timer.o)
                              build\gcc\obj/example/example_Universal_Code_Modbus_Comm_V09.o (Ql_Timer_Register)
libs/gcc/app_start.lib(uart.o)
                              build\gcc\obj/example/example_Universal_Code_Modbus_Comm_V09.o (Ql_UART_Register)
libs/gcc/app_start.lib(watchdog.o)
                              build\gcc\obj/example/example_Universal_Code_Modbus_Comm_V09.o (Ql_WTD_Init)
libs/gcc/app_start.lib(ocpu_init.o)
                              libs/gcc/app_start.lib(ql_main.o) (_OCPU_InitUserMem)
C:\Program Files (x86)\CodeSourcery\Sourcery_CodeBench_Lite_for_ARM_EABI/arm-none-eabi/lib/thumb/libm.a(lib_a-s_floor.o)
                              build\gcc\obj/example/example_Universal_Code_Modbus_Comm_V09.o (floor)
C:\Program Files (x86)\CodeSourcery\Sourcery_CodeBench_Lite_for_ARM_EABI/arm-none-eabi/lib/thumb/libm.a(lib_a-w_pow.o)
                              build\gcc\obj/example/example_Universal_Code_Modbus_Comm_V09.o (pow)
C:\Program Files (x86)\CodeSourcery\Sourcery_CodeBench_Lite_for_ARM_EABI/arm-none-eabi/lib/thumb/libm.a(lib_a-e_pow.o)
                              C:\Program Files (x86)\CodeSourcery\Sourcery_CodeBench_Lite_for_ARM_EABI/arm-none-eabi/lib/thumb/libm.a(lib_a-w_pow.o) (__ieee754_pow)
C:\Program Files (x86)\CodeSourcery\Sourcery_CodeBench_Lite_for_ARM_EABI/arm-none-eabi/lib/thumb/libm.a(lib_a-e_sqrt.o)
                              C:\Program Files (x86)\CodeSourcery\Sourcery_CodeBench_Lite_for_ARM_EABI/arm-none-eabi/lib/thumb/libm.a(lib_a-e_pow.o) (__ieee754_sqrt)
C:\Program Files (x86)\CodeSourcery\Sourcery_CodeBench_Lite_for_ARM_EABI/arm-none-eabi/lib/thumb/libm.a(lib_a-s_fabs.o)
                              C:\Program Files (x86)\CodeSourcery\Sourcery_CodeBench_Lite_for_ARM_EABI/arm-none-eabi/lib/thumb/libm.a(lib_a-e_pow.o) (fabs)
C:\Program Files (x86)\CodeSourcery\Sourcery_CodeBench_Lite_for_ARM_EABI/arm-none-eabi/lib/thumb/libm.a(lib_a-s_finite.o)
                              C:\Program Files (x86)\CodeSourcery\Sourcery_CodeBench_Lite_for_ARM_EABI/arm-none-eabi/lib/thumb/libm.a(lib_a-w_pow.o) (finite)
C:\Program Files (x86)\CodeSourcery\Sourcery_CodeBench_Lite_for_ARM_EABI/arm-none-eabi/lib/thumb/libm.a(lib_a-s_fpclassify.o)
                              C:\Program Files (x86)\CodeSourcery\Sourcery_CodeBench_Lite_for_ARM_EABI/arm-none-eabi/lib/thumb/libm.a(lib_a-w_pow.o) (__fpclassifyd)
C:\Program Files (x86)\CodeSourcery\Sourcery_CodeBench_Lite_for_ARM_EABI/arm-none-eabi/lib/thumb/libm.a(lib_a-s_lib_ver.o)
                              C:\Program Files (x86)\CodeSourcery\Sourcery_CodeBench_Lite_for_ARM_EABI/arm-none-eabi/lib/thumb/libm.a(lib_a-w_pow.o) (__fdlib_version)
C:\Program Files (x86)\CodeSourcery\Sourcery_CodeBench_Lite_for_ARM_EABI/arm-none-eabi/lib/thumb/libm.a(lib_a-s_matherr.o)
                              C:\Program Files (x86)\CodeSourcery\Sourcery_CodeBench_Lite_for_ARM_EABI/arm-none-eabi/lib/thumb/libm.a(lib_a-w_pow.o) (matherr)
[...]
Memory Configuration

Name             Origin             Length             Attributes
ROM              0x102c7040         0x0005a000         xr
RAM              0xf03d2000         0x00019000         xrw
*default*        0x00000000         0xffffffff

Linker script and memory map

                0x102c7040                . = 0x102c7040

.initdata       0x102c7040       0x2c
 *(.initdata)
 .initdata      0x102c7040       0x2c libs/gcc/app_start.lib(ql_main.o)
                0x102c7040                GADLENTRY

text            0x102c7070     0x25c8
 *(.text)
 .text          0x102c7070       0x4c libs/gcc/app_start.lib(ocpu_init.o)
                0x102c7070                _OCPU_InitUserMem
 *fill*         0x102c70bc        0x4 
 .text          0x102c70c0      0x418 C:\Program Files (x86)\CodeSourcery\Sourcery_CodeBench_Lite_for_ARM_EABI/arm-none-eabi/lib/thumb/libm.a(lib_a-w_pow.o)
                0x102c70c0                pow
 .text          0x102c74d8      0xb20 C:\Program Files (x86)\CodeSourcery\Sourcery_CodeBench_Lite_for_ARM_EABI/arm-none-eabi/lib/thumb/libm.a(lib_a-e_pow.o)
                0x102c74d8                __ieee754_pow
 .text          0x102c7ff8      0x1c4 C:\Program Files (x86)\CodeSourcery\Sourcery_CodeBench_Lite_for_ARM_EABI/arm-none-eabi/lib/thumb/libm.a(lib_a-e_sqrt.o)
                0x102c7ff8                __ieee754_sqrt
 .text          0x102c81bc        0x8 C:\Program Files (x86)\CodeSourcery\Sourcery_CodeBench_Lite_for_ARM_EABI/arm-none-eabi/lib/thumb/libm.a(lib_a-s_fabs.o)
                0x102c81bc                fabs
 .text          0x102c81c4       0x10 C:\Program Files (x86)\CodeSourcery\Sourcery_CodeBench_Lite_for_ARM_EABI/arm-none-eabi/lib/thumb/libm.a(lib_a-s_finite.o)
                0x102c81c4                finite
 .text          0x102c81d4       0x5c C:\Program Files (x86)\CodeSourcery\Sourcery_CodeBench_Lite_for_ARM_EABI/arm-none-eabi/lib/thumb/libm.a(lib_a-s_fpclassify.o)
                0x102c81d4                __fpclassifyd
 .text          0x102c8230        0x4 C:\Program Files (x86)\CodeSourcery\Sourcery_CodeBench_Lite_for_ARM_EABI/arm-none-eabi/lib/thumb/libm.a(lib_a-s_matherr.o)
                0x102c8230                matherr
 *fill*         0x102c8234        0x4 
 .text          0x102c8238       0x10 C:\Program Files (x86)\CodeSourcery\Sourcery_CodeBench_Lite_for_ARM_EABI/arm-none-eabi/lib/thumb/libm.a(lib_a-s_nan.o)
                0x102c8238                nan
 .text          0x102c8248      0x128 C:\Program Files (x86)\CodeSourcery\Sourcery_CodeBench_Lite_for_ARM_EABI/arm-none-eabi/lib/thumb/libm.a(lib_a-s_rint.o)
                0x102c8248                rint
 .text          0x102c8370      0x118 C:\Program Files (x86)\CodeSourcery\Sourcery_CodeBench_Lite_for_ARM_EABI/arm-none-eabi/lib/thumb/libm.a(lib_a-s_scalbn.o)
                0x102c8370                scalbn
 .text          0x102c8488       0x14 C:\Program Files (x86)\CodeSourcery\Sourcery_CodeBench_Lite_for_ARM_EABI/arm-none-eabi/lib/thumb/libm.a(lib_a-s_copysign.o)
                0x102c8488                copysign
 .text          0x102c849c       0x20 C:\Program Files (x86)\CodeSourcery\Sourcery_CodeBench_Lite_for_ARM_EABI/arm-none-eabi/lib/thumb/libc.a(lib_a-atoi.o)
                0x102c849c                atoi
                0x102c84ac                _atoi_r
 .text          0x102c84bc        0xc C:\Program Files (x86)\CodeSourcery\Sourcery_CodeBench_Lite_for_ARM_EABI/arm-none-eabi/lib/thumb/libc.a(lib_a-errno.o)
                0x102c84bc                __errno
 .text          0x102c84c8      0x10c C:\Program Files (x86)\CodeSourcery\Sourcery_CodeBench_Lite_for_ARM_EABI/arm-none-eabi/lib/thumb/libc.a(lib_a-memcpy.o)
                0x102c84c8                memcpy
 .text          0x102c85d4       0x9c C:\Program Files (x86)\CodeSourcery\Sourcery_CodeBench_Lite_for_ARM_EABI/arm-none-eabi/lib/thumb/libc.a(lib_a-memset.o)
                0x102c85d4                memset
 .text          0x102c8670       0x10 C:\Program Files (x86)\CodeSourcery\Sourcery_CodeBench_Lite_for_ARM_EABI/arm-none-eabi/lib/thumb/libc.a(lib_a-strlen.o)
                0x102c8670                strlen
 .text          0x102c8680      0x190 C:\Program Files (x86)\CodeSourcery\Sourcery_CodeBench_Lite_for_ARM_EABI/arm-none-eabi/lib/thumb/libc.a(lib_a-strtol.o)
                0x102c8680                _strtol_r
                0x102c87f0                strtol
 .text          0x102c8810      0x11c C:\Program Files (x86)\CodeSourcery\Sourcery_CodeBench_Lite_for_ARM_EABI/lib/gcc/arm-none-eabi/4.7.2/thumb/libgcc.a(_udivsi3.o)
                0x102c8810                __aeabi_uidiv
                0x102c8810                __udivsi3
                0x102c890c                __aeabi_uidivmod
 .text          0x102c892c      0x150 C:\Program Files (x86)\CodeSourcery\Sourcery_CodeBench_Lite_for_ARM_EABI/lib/gcc/arm-none-eabi/4.7.2/thumb/libgcc.a(_divsi3.o)
                0x102c892c                __divsi3
                0x102c892c                __aeabi_idiv
                0x102c8a5c                __aeabi_idivmod
 .text          0x102c8a7c        0x4 C:\Program Files (x86)\CodeSourcery\Sourcery_CodeBench_Lite_for_ARM_EABI/lib/gcc/arm-none-eabi/4.7.2/thumb/libgcc.a(_dvmd_tls.o)
                0x102c8a7c                __aeabi_idiv0
                0x102c8a7c                __aeabi_ldiv0
 .text          0x102c8a80      0x41c C:\Program Files (x86)\CodeSourcery\Sourcery_CodeBench_Lite_for_ARM_EABI/lib/gcc/arm-none-eabi/4.7.2/thumb/libgcc.a(_arm_addsubdf3.o)
                0x102c8a80                __aeabi_drsub
                0x102c8a88                __aeabi_dsub
                0x102c8a88                __subdf3
                0x102c8a8c                __aeabi_dadd
                0x102c8a8c                __adddf3
                0x102c8d9c                __floatunsidf
                0x102c8d9c                __aeabi_ui2d
                0x102c8dc0                __floatsidf
                0x102c8dc0                __aeabi_i2d
                0x102c8de8                __aeabi_f2d
                0x102c8de8                __extendsfdf2
                0x102c8e28                __floatundidf
                0x102c8e28                __aeabi_ul2d
                0x102c8e3c                __floatdidf
                0x102c8e3c                __aeabi_l2d
 .text          0x102c8e9c      0x49c C:\Program Files (x86)\CodeSourcery\Sourcery_CodeBench_Lite_for_ARM_EABI/lib/gcc/arm-none-eabi/4.7.2/thumb/libgcc.a(_arm_muldivdf3.o)
                0x102c8e9c                __aeabi_dmul
                0x102c8e9c                __muldf3
                0x102c912c                __divdf3
                0x102c912c                __aeabi_ddiv
 .text          0x102c9338      0x144 C:\Program Files (x86)\CodeSourcery\Sourcery_CodeBench_Lite_for_ARM_EABI/lib/gcc/arm-none-eabi/4.7.2/thumb/libgcc.a(_arm_cmpdf2.o)
                0x102c9338                __gtdf2
                0x102c9338                __gedf2
                0x102c9340                __ltdf2
                0x102c9340                __ledf2
                0x102c9348                __nedf2
                0x102c9348                __eqdf2
                0x102c9348                __cmpdf2
                0x102c93d0                __aeabi_cdrcmple
                0x102c93ec                __aeabi_cdcmpeq
                0x102c93ec                __aeabi_cdcmple
                0x102c9404                __aeabi_dcmpeq
                0x102c941c                __aeabi_dcmplt
                0x102c9434                __aeabi_dcmple
                0x102c944c                __aeabi_dcmpge
                0x102c9464                __aeabi_dcmpgt
 .text          0x102c947c       0x5c C:\Program Files (x86)\CodeSourcery\Sourcery_CodeBench_Lite_for_ARM_EABI/lib/gcc/arm-none-eabi/4.7.2/thumb/libgcc.a(_arm_fixdfsi.o)
                0x102c947c                __aeabi_d2iz
                0x102c947c                __fixdfsi
 .text          0x102c94d8       0x54 C:\Program Files (x86)\CodeSourcery\Sourcery_CodeBench_Lite_for_ARM_EABI/lib/gcc/arm-none-eabi/4.7.2/thumb/libgcc.a(_arm_fixunsdfsi.o)
                0x102c94d8                __aeabi_d2uiz
                0x102c94d8                __fixunsdfsi
 .text          0x102c952c       0xa0 C:\Program Files (x86)\CodeSourcery\Sourcery_CodeBench_Lite_for_ARM_EABI/lib/gcc/arm-none-eabi/4.7.2/thumb/libgcc.a(_arm_truncdfsf2.o)
                0x102c952c                __truncdfsf2
                0x102c952c                __aeabi_d2f
 *fill*         0x102c95cc        0x4 
 .text.__stub   0x102c95d0       0x64 linker stubs

.glue_7         0x102c9638        0x0
 .glue_7        0x00000000        0x0 linker stubs

.glue_7t        0x102c9638        0x0
 .glue_7t       0x00000000        0x0 linker stubs

.vfp11_veneer   0x102c9638        0x0
 .vfp11_veneer  0x00000000        0x0 linker stubs

.v4_bx          0x102c9638        0x0
 .v4_bx         0x00000000        0x0 linker stubs

.text.Ql_WTD_GetWDIPinCfg
                0x102c9638        0xc
 .text.Ql_WTD_GetWDIPinCfg
                0x102c9638        0xc build\gcc\obj/custom/config/custom_sys_cfg.o
                0x102c9638                Ql_WTD_GetWDIPinCfg

.iplt           0x102c9644        0x0
 .iplt          0x00000000        0x0 build\gcc\obj/custom/config/custom_sys_cfg.o

.text.Ql_RIL_AT_SetErrCode
                0x102c9644       0x10
 .text.Ql_RIL_AT_SetErrCode
                0x102c9644       0x10 build\gcc\obj/ril/src/ril_atResponse.o
                0x102c9644                Ql_RIL_AT_SetErrCode

.text.Default_atRsp_callback
                0x102c9654       0xcc
 .text.Default_atRsp_callback
                0x102c9654       0xcc build\gcc\obj/ril/src/ril_atResponse.o
                0x102c9654                Default_atRsp_callback

.text.BT_DevMngmt_Append
                0x102c9720       0x34
 .text.BT_DevMngmt_Append
                0x102c9720       0x34 build\gcc\obj/ril/src/ril_bluetooth.o

.text.BT_DevMngmt_isFull
                0x102c9754       0x40
 .text.BT_DevMngmt_isFull
                0x102c9754       0x40 build\gcc\obj/ril/src/ril_bluetooth.o

.text.ATRsp_QBTSTATE_Hdlr
                0x102c9794      0x444
 .text.ATRsp_QBTSTATE_Hdlr
                0x102c9794      0x444 build\gcc\obj/ril/src/ril_bluetooth.o

.text.BT_DevMngmt_UpdateProfileId.constprop.7
                0x102c9bd8       0x38
 .text.BT_DevMngmt_UpdateProfileId.constprop.7
                0x102c9bd8       0x38 build\gcc\obj/ril/src/ril_bluetooth.o

.text.BT_DevMngmt_UpdateConnId.constprop.8
                0x102c9c10       0x38
 .text.BT_DevMngmt_UpdateConnId.constprop.8
                0x102c9c10       0x38 build\gcc\obj/ril/src/ril_bluetooth.o

.text.OnURCHandler_BTVisible
                0x102c9c48       0xe4
 .text.OnURCHandler_BTVisible
                0x102c9c48       0xe4 build\gcc\obj/ril/src/ril_bluetooth.o
                0x102c9c48                OnURCHandler_BTVisible

.text.OnURCHandler_BTScan
                0x102c9d2c      0x26c
 .text.OnURCHandler_BTScan
                0x102c9d2c      0x26c build\gcc\obj/ril/src/ril_bluetooth.o
                0x102c9d2c                OnURCHandler_BTScan

.text.RIL_BT_QueryState
                0x102c9f98       0x68
 .text.RIL_BT_QueryState
                0x102c9f98       0x68 build\gcc\obj/ril/src/ril_bluetooth.o
                0x102c9f98                RIL_BT_QueryState

.text.OnURCHandler_BTPair
                0x102ca000      0x208
 .text.OnURCHandler_BTPair
                0x102ca000      0x208 build\gcc\obj/ril/src/ril_bluetooth.o
                0x102ca000                OnURCHandler_BTPair

.text.OnURCHandler_BTPairCnf
                0x102ca208      0x22c
 .text.OnURCHandler_BTPairCnf
                0x102ca208      0x22c build\gcc\obj/ril/src/ril_bluetooth.o
                0x102ca208                OnURCHandler_BTPairCnf

.text.OnURCHandler_BTConn
                0x102ca434      0x234
 .text.OnURCHandler_BTConn
                0x102ca434      0x234 build\gcc\obj/ril/src/ril_bluetooth.o
                0x102ca434                OnURCHandler_BTConn

.text.OnURCHandler_BTConnCnf
                0x102ca668      0x2bc
 .text.OnURCHandler_BTConnCnf
                0x102ca668      0x2bc build\gcc\obj/ril/src/ril_bluetooth.o
                0x102ca668                OnURCHandler_BTConnCnf

.text.OnURCHandler_BTDisconn
                0x102ca924      0x1b8
 .text.OnURCHandler_BTDisconn
                0x102ca924      0x1b8 build\gcc\obj/ril/src/ril_bluetooth.o
                0x102ca924                OnURCHandler_BTDisconn

.text.OnURCHandler_BTIndication
                0x102caadc      0x35c
 .text.OnURCHandler_BTIndication
                0x102caadc      0x35c build\gcc\obj/ril/src/ril_bluetooth.o
                0x102caadc                OnURCHandler_BTIndication

.text.Ql_RIL_RcvDataFrmCore
                0x102cae38       0x20
 .text.Ql_RIL_RcvDataFrmCore
                0x102cae38       0x20 build\gcc\obj/ril/src/ril_custom.o
                0x102cae38                Ql_RIL_RcvDataFrmCore

.text.OnURCHandler_QToneDet
                0x102cae58       0xf4
 .text.OnURCHandler_QToneDet
                0x102cae58       0xf4 build\gcc\obj/ril/src/ril_dtmf.o
                0x102cae58                OnURCHandler_QToneDet

.text.OnURCHandler_QWDTMF
                0x102caf4c       0xa0
 .text.OnURCHandler_QWDTMF
                0x102caf4c       0xa0 build\gcc\obj/ril/src/ril_dtmf.o
                0x102caf4c                OnURCHandler_QWDTMF

.text.ATResponse_FTP_handler_Common
                0x102cafec      0x140
 .text.ATResponse_FTP_handler_Common
                0x102cafec      0x140 build\gcc\obj/ril/src/ril_ftp.o

.text.Callback_QIDEACT
                0x102cb12c       0x54
 .text.Callback_QIDEACT
                0x102cb12c       0x54 build\gcc\obj/ril/src/ril_ftp.o

.text.RIL_FTP_QFTPOPEN
                0x102cb180      0x2f0
 .text.RIL_FTP_QFTPOPEN
                0x102cb180      0x2f0 build\gcc\obj/ril/src/ril_ftp.o
                0x102cb180                RIL_FTP_QFTPOPEN

.text.RIL_FTP_QFTPCLOSE
                0x102cb470       0xa8
 .text.RIL_FTP_QFTPCLOSE
                0x102cb470       0xa8 build\gcc\obj/ril/src/ril_ftp.o
                0x102cb470                RIL_FTP_QFTPCLOSE

.text.RIL_FTP_QFTPGET
                0x102cb518       0xbc
 .text.RIL_FTP_QFTPGET
                0x102cb518       0xbc build\gcc\obj/ril/src/ril_ftp.o
                0x102cb518                RIL_FTP_QFTPGET

.text.RIL_FTP_QFTPPATH
                0x102cb5d4       0xb8
 .text.RIL_FTP_QFTPPATH
                0x102cb5d4       0xb8 build\gcc\obj/ril/src/ril_ftp.o
                0x102cb5d4                RIL_FTP_QFTPPATH

.text.RIL_FTP_QFTPCFG
                0x102cb68c       0xc0
 .text.RIL_FTP_QFTPCFG
                0x102cb68c       0xc0 build\gcc\obj/ril/src/ril_ftp.o
                0x102cb68c                RIL_FTP_QFTPCFG

.text.RIL_FTP_QFTPSIZE
                0x102cb74c       0xb4
 .text.RIL_FTP_QFTPSIZE
                0x102cb74c       0xb4 build\gcc\obj/ril/src/ril_ftp.o
                0x102cb74c                RIL_FTP_QFTPSIZE

.text.RIL_FTP_QIDEACT
                0x102cb800       0x30
 .text.RIL_FTP_QIDEACT
                0x102cb800       0x30 build\gcc\obj/ril/src/ril_ftp.o
                0x102cb800                RIL_FTP_QIDEACT

.text.ATRsp_QHTTP_Handler
                0x102cb830      0x118
 .text.ATRsp_QHTTP_Handler
                0x102cb830      0x118 build\gcc\obj/ril/src/ril_http.o

.text.RIL_HTTP_SetServerURL
                0x102cb948       0xb0
 .text.RIL_HTTP_SetServerURL
                0x102cb948       0xb0 build\gcc\obj/ril/src/ril_http.o
                0x102cb948                RIL_HTTP_SetServerURL

.text.RIL_HTTP_RequestToPost
                0x102cb9f8       0xac
 .text.RIL_HTTP_RequestToPost
                0x102cb9f8       0xac build\gcc\obj/ril/src/ril_http.o
                0x102cb9f8                RIL_HTTP_RequestToPost

.text.RIL_HTTP_ReadResponse
                0x102cbaa4       0xb0
 .text.RIL_HTTP_ReadResponse
                0x102cbaa4       0xb0 build\gcc\obj/ril/src/ril_http.o
                0x102cbaa4                RIL_HTTP_ReadResponse

.text.RIL_GetInitCmdCnt
                0x102cbb54        0x8
 .text.RIL_GetInitCmdCnt
                0x102cbb54        0x8 build\gcc\obj/ril/src/ril_init.o
                0x102cbb54                RIL_GetInitCmdCnt

.text.RIL_GetLimitedCmdCnt
                0x102cbb5c        0x8
 .text.RIL_GetLimitedCmdCnt
                0x102cbb5c        0x8 build\gcc\obj/ril/src/ril_init.o
                0x102cbb5c                RIL_GetLimitedCmdCnt

.text.RIL_GetLocation
                0x102cbb64       0xd4
 .text.RIL_GetLocation
                0x102cbb64       0xd4 build\gcc\obj/ril/src/ril_location.o
                0x102cbb64                RIL_GetLocation

.text.OnURCHandler_QCELLLocation
                0x102cbc38      0x148
 .text.OnURCHandler_QCELLLocation
                0x102cbc38      0x148 build\gcc\obj/ril/src/ril_location.o
                0x102cbc38                OnURCHandler_QCELLLocation

.text.ATRsp_QIDEACT_Hdlr
                0x102cbd80       0x54
 .text.ATRsp_QIDEACT_Hdlr
                0x102cbd80       0x54 build\gcc\obj/ril/src/ril_network.o

.text.ATResponse_CSQ_Handler
                0x102cbdd4       0xc8
 .text.ATResponse_CSQ_Handler
                0x102cbdd4       0xc8 build\gcc\obj/ril/src/ril_network.o

.text.RIL_NW_GetSignalQuality
                0x102cbe9c       0x98
 .text.RIL_NW_GetSignalQuality
                0x102cbe9c       0x98 build\gcc\obj/ril/src/ril_network.o
                0x102cbe9c                RIL_NW_GetSignalQuality

.text.RIL_NW_SetGPRSContext
                0x102cbf34       0x7c
 .text.RIL_NW_SetGPRSContext
                0x102cbf34       0x7c build\gcc\obj/ril/src/ril_network.o
                0x102cbf34                RIL_NW_SetGPRSContext

.text.RIL_NW_SetAPN
                0x102cbfb0      0x10c
 .text.RIL_NW_SetAPN
                0x102cbfb0      0x10c build\gcc\obj/ril/src/ril_network.o
                0x102cbfb0                RIL_NW_SetAPN

.text.RIL_NW_OpenPDPContext
                0x102cc0bc       0xb0
 .text.RIL_NW_OpenPDPContext
                0x102cc0bc       0xb0 build\gcc\obj/ril/src/ril_network.o
                0x102cc0bc                RIL_NW_OpenPDPContext

.text.RIL_NW_ClosePDPContext
                0x102cc16c       0x70
 .text.RIL_NW_ClosePDPContext
                0x102cc16c       0x70 build\gcc\obj/ril/src/ril_network.o
                0x102cc16c                RIL_NW_ClosePDPContext

.text.OnURCHandler_NTPCMD
                0x102cc1dc       0x6c
 .text.OnURCHandler_NTPCMD
                0x102cc1dc       0x6c build\gcc\obj/ril/src/ril_ntp.o
                0x102cc1dc                OnURCHandler_NTPCMD

.text.RIL_SIM_GetSimStateByName
                0x102cc248      0x170
 .text.RIL_SIM_GetSimStateByName
                0x102cc248      0x170 build\gcc\obj/ril/src/ril_sim.o
                0x102cc248                RIL_SIM_GetSimStateByName

.text.CmdGetStorageInfo
                0x102cc3b8       0xe4
 .text.CmdGetStorageInfo
                0x102cc3b8       0xe4 build\gcc\obj/ril/src/ril_sms.o

.text.SMS_CMD_GeneralHandler
                0x102cc49c      0x4f8
 .text.SMS_CMD_GeneralHandler
                0x102cc49c      0x4f8 build\gcc\obj/ril/src/ril_sms.o

.text.CmdSendPDUMsg
                0x102cc994      0x180
 .text.CmdSendPDUMsg
                0x102cc994      0x180 build\gcc\obj/ril/src/ril_sms.o

.text.CmdReadPDUMsg
                0x102ccb14      0x130
 .text.CmdReadPDUMsg
                0x102ccb14      0x130 build\gcc\obj/ril/src/ril_sms.o

.text.ConvStringToPhoneNumber
                0x102ccc44       0xf0
 .text.ConvStringToPhoneNumber
                0x102ccc44       0xf0 build\gcc\obj/ril/src/ril_sms.o

.text.ConvPhoneNumberToString.constprop.4
                0x102ccd34       0xc4
 .text.ConvPhoneNumberToString.constprop.4
                0x102ccd34       0xc4 build\gcc\obj/ril/src/ril_sms.o

.text.RIL_SMS_ReadSMS_Text
                0x102ccdf8      0x360
 .text.RIL_SMS_ReadSMS_Text
                0x102ccdf8      0x360 build\gcc\obj/ril/src/ril_sms.o
                0x102ccdf8                RIL_SMS_ReadSMS_Text

.text.RIL_SMS_SendSMS_Text
                0x102cd158      0x290
 .text.RIL_SMS_SendSMS_Text
                0x102cd158      0x290 build\gcc\obj/ril/src/ril_sms.o
                0x102cd158                RIL_SMS_SendSMS_Text

.text.RIL_SMS_DeleteSMS
                0x102cd3e8      0x114
 .text.RIL_SMS_DeleteSMS
                0x102cd3e8      0x114 build\gcc\obj/ril/src/ril_sms.o
                0x102cd3e8                RIL_SMS_DeleteSMS

.text.QSDK_Get_Str
                0x102cd4fc       0xd0
 .text.QSDK_Get_Str
                0x102cd4fc       0xd0 build\gcc\obj/ril/src/ril_system.o
                0x102cd4fc                QSDK_Get_Str

.text.QSDK_Get_Strlen
                0x102cd5cc       0x68
 .text.QSDK_Get_Strlen
                0x102cd5cc       0x68 build\gcc\obj/ril/src/ril_system.o
                0x102cd5cc                QSDK_Get_Strlen

.text.OnURCHandler_HTTP
                0x102cd634       0x6c
 .text.OnURCHandler_HTTP
                0x102cd634       0x6c build\gcc\obj/ril/src/ril_urc.o

.text.OnURCHandler_AudPlayInd
                0x102cd6a0       0x50
 .text.OnURCHandler_AudPlayInd
                0x102cd6a0       0x50 build\gcc\obj/ril/src/ril_urc.o

.text.OnURCHandler_MQTT_DISC
                0x102cd6f0      0x124
 .text.OnURCHandler_MQTT_DISC
                0x102cd6f0      0x124 build\gcc\obj/ril/src/ril_urc.o

.text.OnURCHandler_MQTT_CLOSE
                0x102cd814      0x124
 .text.OnURCHandler_MQTT_CLOSE
                0x102cd814      0x124 build\gcc\obj/ril/src/ril_urc.o

.text.OnURCHandler_MQTT_STATE
                0x102cd938       0xf8
 .text.OnURCHandler_MQTT_STATE
                0x102cd938       0xf8 build\gcc\obj/ril/src/ril_urc.o

.text.OnURCHandler_MQTT_TUNS
                0x102cda30      0x124
 .text.OnURCHandler_MQTT_TUNS
                0x102cda30      0x124 build\gcc\obj/ril/src/ril_urc.o

.text.OnURCHandler_MQTT_PUB
                0x102cdb54      0x164
 .text.OnURCHandler_MQTT_PUB
                0x102cdb54      0x164 build\gcc\obj/ril/src/ril_urc.o

.text.OnURCHandler_MQTT_SUB
                0x102cdcb8      0x184
 .text.OnURCHandler_MQTT_SUB
                0x102cdcb8      0x184 build\gcc\obj/ril/src/ril_urc.o

.text.OnURCHandler_MQTT_CONN
                0x102cde3c      0x138
 .text.OnURCHandler_MQTT_CONN
                0x102cde3c      0x138 build\gcc\obj/ril/src/ril_urc.o

.text.OnURCHandler_MQTT_OPEN
                0x102cdf74       0xf8
 .text.OnURCHandler_MQTT_OPEN
                0x102cdf74       0xf8 build\gcc\obj/ril/src/ril_urc.o

.text.OnURCHandler_AlarmRing
                0x102ce06c       0x28
 .text.OnURCHandler_AlarmRing
                0x102ce06c       0x28 build\gcc\obj/ril/src/ril_urc.o

.text.OnURCHandler_InitStat
                0x102ce094       0x68
 .text.OnURCHandler_InitStat
                0x102ce094       0x68 build\gcc\obj/ril/src/ril_urc.o

.text.OnURCHandler_FTP
                0x102ce0fc      0x178
 .text.OnURCHandler_FTP
                0x102ce0fc      0x178 build\gcc\obj/ril/src/ril_urc.o

.text.OnURCHandler_CFUN
                0x102ce274       0xc0
 .text.OnURCHandler_CFUN
                0x102ce274       0xc0 build\gcc\obj/ril/src/ril_urc.o

.text.OnURCHandler_Voltage
                0x102ce334       0xa4
 .text.OnURCHandler_Voltage
                0x102ce334       0xa4 build\gcc\obj/ril/src/ril_urc.o

.text.OnURCHandler_Network
                0x102ce3d8      0x178
 .text.OnURCHandler_Network
                0x102ce3d8      0x178 build\gcc\obj/ril/src/ril_urc.o

.text.OnURCHandler_Call
                0x102ce550      0x28c
 .text.OnURCHandler_Call
                0x102ce550      0x28c build\gcc\obj/ril/src/ril_urc.o

.text.OnURCHandler_SIM
                0x102ce7dc      0x100
 .text.OnURCHandler_SIM
                0x102ce7dc      0x100 build\gcc\obj/ril/src/ril_urc.o

.text.OnURCHandler_SMS
                0x102ce8dc      0x138
 .text.OnURCHandler_SMS
                0x102ce8dc      0x138 build\gcc\obj/ril/src/ril_urc.o

.text.OnURCHandler
                0x102cea14       0xc0
 .text.OnURCHandler
                0x102cea14       0xc0 build\gcc\obj/ril/src/ril_urc.o
                0x102cea14                OnURCHandler

.text.Ql_RIL_IsURCStr
                0x102cead4       0x80
 .text.Ql_RIL_IsURCStr
                0x102cead4       0x80 build\gcc\obj/ril/src/ril_urc.o
                0x102cead4                Ql_RIL_IsURCStr

.text.Ql_StrPrefixMatch
                0x102ceb54       0x48
 .text.Ql_StrPrefixMatch
                0x102ceb54       0x48 build\gcc\obj/ril/src/ril_util.o
                0x102ceb54                Ql_StrPrefixMatch

.text.Ql_StrToUpper
                0x102ceb9c       0x44
 .text.Ql_StrToUpper
                0x102ceb9c       0x44 build\gcc\obj/ril/src/ril_util.o
                0x102ceb9c                Ql_StrToUpper

.text.Ql_RIL_FindString
                0x102cebe0       0x90
 .text.Ql_RIL_FindString
                0x102cebe0       0x90 build\gcc\obj/ril/src/ril_util.o
                0x102cebe0                Ql_RIL_FindString

.text.Ql_RIL_FindLine
                0x102cec70      0x278
 .text.Ql_RIL_FindLine
                0x102cec70      0x278 build\gcc\obj/ril/src/ril_util.o
                0x102cec70                Ql_RIL_FindLine

.text.Ql_GenHash
                0x102ceee8       0x4c
 .text.Ql_GenHash
                0x102ceee8       0x4c build\gcc\obj/ril/src/ril_util.o
                0x102ceee8                Ql_GenHash

.text.Callback_GPRS_Deactived
                0x102cef34      0x100
 .text.Callback_GPRS_Deactived
                0x102cef34      0x100 build\gcc\obj/example/example_Universal_Code_Modbus_Comm_V09.o

.text.Callback_Location
                0x102cf034      0x128
 .text.Callback_Location
                0x102cf034      0x128 build\gcc\obj/example/example_Universal_Code_Modbus_Comm_V09.o

.text.HTTP_RcvData
                0x102cf15c      0x198
 .text.HTTP_RcvData
                0x102cf15c      0x198 build\gcc\obj/example/example_Universal_Code_Modbus_Comm_V09.o

.text.Callback_Socket_Close
                0x102cf2f4      0x170
 .text.Callback_Socket_Close
                0x102cf2f4      0x170 build\gcc\obj/example/example_Universal_Code_Modbus_Comm_V09.o

.text.GPRS_TCP_Program
                0x102cf464      0x820
 .text.GPRS_TCP_Program
                0x102cf464      0x820 build\gcc\obj/example/example_Universal_Code_Modbus_Comm_V09.o

.text.Callback_GPRS_Actived
                0x102cfc84      0x698
 .text.Callback_GPRS_Actived
                0x102cfc84      0x698 build\gcc\obj/example/example_Universal_Code_Modbus_Comm_V09.o

.text.SOC_CONNECT_TO_SERVER
                0x102d031c      0x610
 .text.SOC_CONNECT_TO_SERVER
                0x102d031c      0x610 build\gcc\obj/example/example_Universal_Code_Modbus_Comm_V09.o

.text.Callback_Socket_Write
                0x102d092c       0xd4
 .text.Callback_Socket_Write
                0x102d092c       0xd4 build\gcc\obj/example/example_Universal_Code_Modbus_Comm_V09.o

.text.Callback_Socket_Connect
                0x102d0a00      0x164
 .text.Callback_Socket_Connect
                0x102d0a00      0x164 build\gcc\obj/example/example_Universal_Code_Modbus_Comm_V09.o
                0x102d0a00                Callback_Socket_Connect

.text.WRITE_DATA_TO_UFS
                0x102d0b64      0xa80
 .text.WRITE_DATA_TO_UFS
                0x102d0b64      0xa80 build\gcc\obj/example/example_Universal_Code_Modbus_Comm_V09.o
                0x102d0b64                WRITE_DATA_TO_UFS

.text.SEND_SMS  0x102d15e4      0x148
 .text.SEND_SMS
                0x102d15e4      0x148 build\gcc\obj/example/example_Universal_Code_Modbus_Comm_V09.o
                0x102d15e4                SEND_SMS

.text.Callback_UART_Hdlr_Main_Port.part.3
                0x102d172c     0x2120
 .text.Callback_UART_Hdlr_Main_Port.part.3
                0x102d172c     0x2120 build\gcc\obj/example/example_Universal_Code_Modbus_Comm_V09.o

.text.Callback_UART_Hdlr_Main_Port
                0x102d384c       0x70
 .text.Callback_UART_Hdlr_Main_Port
                0x102d384c       0x70 build\gcc\obj/example/example_Universal_Code_Modbus_Comm_V09.o

.text.SET_MODBUS_PARAMETER
                0x102d38bc      0x1f4
 .text.SET_MODBUS_PARAMETER
                0x102d38bc      0x1f4 build\gcc\obj/example/example_Universal_Code_Modbus_Comm_V09.o
                0x102d38bc                SET_MODBUS_PARAMETER

.text.TIMER_INIITIALIZE
                0x102d3ab0      0x618
 .text.TIMER_INIITIALIZE
                0x102d3ab0      0x618 build\gcc\obj/example/example_Universal_Code_Modbus_Comm_V09.o
                0x102d3ab0                TIMER_INIITIALIZE

.text.SYSTEM_INITIALIZE
                0x102d40c8      0x4cc
 .text.SYSTEM_INITIALIZE
                0x102d40c8      0x4cc build\gcc\obj/example/example_Universal_Code_Modbus_Comm_V09.o
                0x102d40c8                SYSTEM_INITIALIZE

.text.FOTA_upgrade
                0x102d4594      0x218
 .text.FOTA_upgrade
                0x102d4594      0x218 build\gcc\obj/example/example_Universal_Code_Modbus_Comm_V09.o
                0x102d4594                FOTA_upgrade

.text.STORE_TIME_TO_MEMORY
                0x102d47ac      0x1a4
 .text.STORE_TIME_TO_MEMORY
                0x102d47ac      0x1a4 build\gcc\obj/example/example_Universal_Code_Modbus_Comm_V09.o
                0x102d47ac                STORE_TIME_TO_MEMORY

.text.Sync_NetworkTime
                0x102d4950      0x108
 .text.Sync_NetworkTime
                0x102d4950      0x108 build\gcc\obj/example/example_Universal_Code_Modbus_Comm_V09.o
                0x102d4950                Sync_NetworkTime

.text.GET_Present_Time
                0x102d4a58      0x224
 .text.GET_Present_Time
                0x102d4a58      0x224 build\gcc\obj/example/example_Universal_Code_Modbus_Comm_V09.o
                0x102d4a58                GET_Present_Time

.text.Set_LocalTime
                0x102d4c7c      0x3e4
 .text.Set_LocalTime
                0x102d4c7c      0x3e4 build\gcc\obj/example/example_Universal_Code_Modbus_Comm_V09.o
                0x102d4c7c                Set_LocalTime

.text.ATResponse_Sync_NetworkTime_handler
                0x102d5060       0x80
 .text.ATResponse_Sync_NetworkTime_handler
                0x102d5060       0x80 build\gcc\obj/example/example_Universal_Code_Modbus_Comm_V09.o

.text.PORT_VALUE_CAL
                0x102d50e0       0x34
 .text.PORT_VALUE_CAL
                0x102d50e0       0x34 build\gcc\obj/example/example_Universal_Code_Modbus_Comm_V09.o
                0x102d50e0                PORT_VALUE_CAL

.text.CONVERT_TIME_BUFFER_TO_SECONDS_VALUE
                0x102d5114       0x40
 .text.CONVERT_TIME_BUFFER_TO_SECONDS_VALUE
                0x102d5114       0x40 build\gcc\obj/example/example_Universal_Code_Modbus_Comm_V09.o
                0x102d5114                CONVERT_TIME_BUFFER_TO_SECONDS_VALUE

.text.READ_DATA_FROM_UFS
                0x102d5154     0x1cb8
 .text.READ_DATA_FROM_UFS
                0x102d5154     0x1cb8 build\gcc\obj/example/example_Universal_Code_Modbus_Comm_V09.o
                0x102d5154                READ_DATA_FROM_UFS

.text.Hdlr_RecvNewSMS.isra.5
                0x102d6e0c     0x3500
 .text.Hdlr_RecvNewSMS.isra.5
                0x102d6e0c     0x3500 build\gcc\obj/example/example_Universal_Code_Modbus_Comm_V09.o

.text.STORE_DATA_COUNT_TO_MEMORY
                0x102da30c       0xd0
 .text.STORE_DATA_COUNT_TO_MEMORY
                0x102da30c       0xd0 build\gcc\obj/example/example_Universal_Code_Modbus_Comm_V09.o
                0x102da30c                STORE_DATA_COUNT_TO_MEMORY

.text.STORE_DATA_STRING_TO_MEMORY
                0x102da3dc      0x320
 .text.STORE_DATA_STRING_TO_MEMORY
                0x102da3dc      0x320 build\gcc\obj/example/example_Universal_Code_Modbus_Comm_V09.o
                0x102da3dc                STORE_DATA_STRING_TO_MEMORY

.text.CREATE_AND_STORE_MODBUS_DATA
                0x102da6fc      0x280
 .text.CREATE_AND_STORE_MODBUS_DATA
                0x102da6fc      0x280 build\gcc\obj/example/example_Universal_Code_Modbus_Comm_V09.o
                0x102da6fc                CREATE_AND_STORE_MODBUS_DATA

.text.SEND_STORE_DATA
                0x102da97c      0x554
 .text.SEND_STORE_DATA
                0x102da97c      0x554 build\gcc\obj/example/example_Universal_Code_Modbus_Comm_V09.o
                0x102da97c                SEND_STORE_DATA

.text.HTTP_Program.constprop.8
                0x102daed0      0x554
 .text.HTTP_Program.constprop.8
                0x102daed0      0x554 build\gcc\obj/example/example_Universal_Code_Modbus_Comm_V09.o

.text.SEPARATE_MODBUS_DATA
                0x102db424      0x314
 .text.SEPARATE_MODBUS_DATA
                0x102db424      0x314 build\gcc\obj/example/example_Universal_Code_Modbus_Comm_V09.o
                0x102db424                SEPARATE_MODBUS_DATA

.text.Callback_Socket_Read.part.6
                0x102db738      0x6c4
 .text.Callback_Socket_Read.part.6
                0x102db738      0x6c4 build\gcc\obj/example/example_Universal_Code_Modbus_Comm_V09.o

.text.Callback_Socket_Read
                0x102dbdfc       0xa4
 .text.Callback_Socket_Read
                0x102dbdfc       0xa4 build\gcc\obj/example/example_Universal_Code_Modbus_Comm_V09.o

.text.WTD_Init  0x102dbea0      0x128
 .text.WTD_Init
                0x102dbea0      0x128 build\gcc\obj/example/example_Universal_Code_Modbus_Comm_V09.o
                0x102dbea0                WTD_Init

.text.proc_main_task
                0x102dbfc8     0x1188
 .text.proc_main_task
                0x102dbfc8     0x1188 build\gcc\obj/example/example_Universal_Code_Modbus_Comm_V09.o
                0x102dbfc8                proc_main_task

.text.CREATE_PAYLOAD_FOR_SERVER
                0x102dd150      0x268
 .text.CREATE_PAYLOAD_FOR_SERVER
                0x102dd150      0x268 build\gcc\obj/example/example_Universal_Code_Modbus_Comm_V09.o
                0x102dd150                CREATE_PAYLOAD_FOR_SERVER

.text.DECIMAL_TO_HEX
                0x102dd3b8       0x14
 .text.DECIMAL_TO_HEX
                0x102dd3b8       0x14 build\gcc\obj/example/example_Universal_Code_Modbus_Comm_V09.o
                0x102dd3b8                DECIMAL_TO_HEX

.text.CALCULATE_CRC
                0x102dd3cc      0x2e0
 .text.CALCULATE_CRC
                0x102dd3cc      0x2e0 build\gcc\obj/example/example_Universal_Code_Modbus_Comm_V09.o
                0x102dd3cc                CALCULATE_CRC

.text.MODBUS_WRITE_QUERIES
                0x102dd6ac      0x244
 .text.MODBUS_WRITE_QUERIES
                0x102dd6ac      0x244 build\gcc\obj/example/example_Universal_Code_Modbus_Comm_V09.o
                0x102dd6ac                MODBUS_WRITE_QUERIES

.text.CREATE_AND_SEND_MODBUS_DATA
                0x102dd8f0      0x2d0
 .text.CREATE_AND_SEND_MODBUS_DATA
                0x102dd8f0      0x2d0 build\gcc\obj/example/example_Universal_Code_Modbus_Comm_V09.o
                0x102dd8f0                CREATE_AND_SEND_MODBUS_DATA

.text.MODBUS_READ_QURIES
                0x102ddbc0      0x3b0
 .text.MODBUS_READ_QURIES
                0x102ddbc0      0x3b0 build\gcc\obj/example/example_Universal_Code_Modbus_Comm_V09.o
                0x102ddbc0                MODBUS_READ_QURIES

.text.TIMER_HANDLER
                0x102ddf70      0xd04
 .text.TIMER_HANDLER
                0x102ddf70      0xd04 build\gcc\obj/example/example_Universal_Code_Modbus_Comm_V09.o

.text.MODBUS_RESPONSE_CHECK
                0x102dec74      0x7d0
 .text.MODBUS_RESPONSE_CHECK
                0x102dec74      0x7d0 build\gcc\obj/example/example_Universal_Code_Modbus_Comm_V09.o
                0x102dec74                MODBUS_RESPONSE_CHECK

.text.Callback_UART_Hdlr_Modbus_Port
                0x102df444      0x248
 .text.Callback_UART_Hdlr_Modbus_Port
                0x102df444      0x248 build\gcc\obj/example/example_Universal_Code_Modbus_Comm_V09.o

.text.FTP_Callback_OnDownload
                0x102df68c      0x578
 .text.FTP_Callback_OnDownload
                0x102df68c      0x578 build\gcc\obj/custom/fota/src/fota_ftp.o
                0x102df68c                FTP_Callback_OnDownload

.text.FTP_FotaMain
                0x102dfc04      0x96c
 .text.FTP_FotaMain
                0x102dfc04      0x96c build\gcc\obj/custom/fota/src/fota_ftp.o
                0x102dfc04                FTP_FotaMain

.text.FTP_IsFtpServer
                0x102e0570       0x50
 .text.FTP_IsFtpServer
                0x102e0570       0x50 build\gcc\obj/custom/fota/src/fota_ftp.o
                0x102e0570                FTP_IsFtpServer

.text.HttpCallBack_GPRS_Deactived
                0x102e05c0        0x4
 .text.HttpCallBack_GPRS_Deactived
                0x102e05c0        0x4 build\gcc\obj/custom/fota/src/fota_http.o
                0x102e05c0                HttpCallBack_GPRS_Deactived

.text.Httpcallback_socket_connect
                0x102e05c4        0x4
 .text.Httpcallback_socket_connect
                0x102e05c4        0x4 build\gcc\obj/custom/fota/src/fota_http.o
                0x102e05c4                Httpcallback_socket_connect

.text.Httpcallback_socket_close
                0x102e05c8        0x4
 .text.Httpcallback_socket_close
                0x102e05c8        0x4 build\gcc\obj/custom/fota/src/fota_http.o
                0x102e05c8                Httpcallback_socket_close

.text.Httpcallback_socket_accept
                0x102e05cc        0x4
 .text.Httpcallback_socket_accept
                0x102e05cc        0x4 build\gcc\obj/custom/fota/src/fota_http.o
                0x102e05cc                Httpcallback_socket_accept

.text.Httpcallback_socket_write
                0x102e05d0        0x4
 .text.Httpcallback_socket_write
                0x102e05d0        0x4 build\gcc\obj/custom/fota/src/fota_http.o
                0x102e05d0                Httpcallback_socket_write

.text.http_TimerCallback
                0x102e05d4       0x98
 .text.http_TimerCallback
                0x102e05d4       0x98 build\gcc\obj/custom/fota/src/fota_http.o
                0x102e05d4                http_TimerCallback

.text.HTTP_IsHttpServer
                0x102e066c       0x50
 .text.HTTP_IsHttpServer
                0x102e066c       0x50 build\gcc\obj/custom/fota/src/fota_http.o
                0x102e066c                HTTP_IsHttpServer

.text.http_initialize
                0x102e06bc       0xcc
 .text.http_initialize
                0x102e06bc       0xcc build\gcc\obj/custom/fota/src/fota_http.o
                0x102e06bc                http_initialize

.text.http_SendHttpGetHead
                0x102e0788      0x470
 .text.http_SendHttpGetHead
                0x102e0788      0x470 build\gcc\obj/custom/fota/src/fota_http.o
                0x102e0788                http_SendHttpGetHead

.text.http_GetImagefilefromServer
                0x102e0bf8      0x1c0
 .text.http_GetImagefilefromServer
                0x102e0bf8      0x1c0 build\gcc\obj/custom/fota/src/fota_http.o
                0x102e0bf8                http_GetImagefilefromServer

.text.Callback_GetIpByHostName
                0x102e0db8       0x70
 .text.Callback_GetIpByHostName
                0x102e0db8       0x70 build\gcc\obj/custom/fota/src/fota_http.o
                0x102e0db8                Callback_GetIpByHostName

.text.HTTP_FotaMain
                0x102e0e28      0x408
 .text.HTTP_FotaMain
                0x102e0e28      0x408 build\gcc\obj/custom/fota/src/fota_http.o
                0x102e0e28                HTTP_FotaMain

.text.http_RecvHttpChunkedBody
                0x102e1230       0x58
 .text.http_RecvHttpChunkedBody
                0x102e1230       0x58 build\gcc\obj/custom/fota/src/fota_http.o
                0x102e1230                http_RecvHttpChunkedBody

.text.http_RecvHttpBody
                0x102e1288      0x3c8
 .text.http_RecvHttpBody
                0x102e1288      0x3c8 build\gcc\obj/custom/fota/src/fota_http.o
                0x102e1288                http_RecvHttpBody

.text.http_RecvHttpHead
                0x102e1650      0x2ec
 .text.http_RecvHttpHead
                0x102e1650      0x2ec build\gcc\obj/custom/fota/src/fota_http.o
                0x102e1650                http_RecvHttpHead

.text.Httpcallback_socket_read
                0x102e193c      0x100
 .text.Httpcallback_socket_read
                0x102e193c      0x100 build\gcc\obj/custom/fota/src/fota_http.o
                0x102e193c                Httpcallback_socket_read

.text.quectel_stricmp_bylength
                0x102e1a3c       0x64
 .text.quectel_stricmp_bylength
                0x102e1a3c       0x64 build\gcc\obj/custom/fota/src/fota_http_code.o
                0x102e1a3c                quectel_stricmp_bylength

.text.http_ip_check
                0x102e1aa0       0x3c
 .text.http_ip_check
                0x102e1aa0       0x3c build\gcc\obj/custom/fota/src/fota_http_code.o
                0x102e1aa0                http_ip_check

.text.http_DecodeURL
                0x102e1adc      0x3a8
 .text.http_DecodeURL
                0x102e1adc      0x3a8 build\gcc\obj/custom/fota/src/fota_http_code.o
                0x102e1adc                http_DecodeURL

.text.find_linesymbol
                0x102e1e84       0x7c
 .text.find_linesymbol
                0x102e1e84       0x7c build\gcc\obj/custom/fota/src/fota_http_code.o
                0x102e1e84                find_linesymbol

.text.http_DecodeHeader
                0x102e1f00      0x2f8
 .text.http_DecodeHeader
                0x102e1f00      0x2f8 build\gcc\obj/custom/fota/src/fota_http_code.o
                0x102e1f00                http_DecodeHeader

.text.Fota_Upgrade_States
                0x102e21f8      0x16c
 .text.Fota_Upgrade_States
                0x102e21f8      0x16c build\gcc\obj/custom/fota/src/fota_main.o

.text.Ql_FOTA_StartUpgrade
                0x102e2364      0x1e4
 .text.Ql_FOTA_StartUpgrade
                0x102e2364      0x1e4 build\gcc\obj/custom/fota/src/fota_main.o
                0x102e2364                Ql_FOTA_StartUpgrade

.text.Ql_FS_Open
                0x102e2548       0x68
 .text.Ql_FS_Open
                0x102e2548       0x68 libs/gcc/app_start.lib(fileSys.o)
                0x102e2548                Ql_FS_Open

.text.Ql_FS_OpenRAMFile
                0x102e25b0       0x70
 .text.Ql_FS_OpenRAMFile
                0x102e25b0       0x70 libs/gcc/app_start.lib(fileSys.o)
                0x102e25b0                Ql_FS_OpenRAMFile

.text.Ql_FS_Read
                0x102e2620       0x78
 .text.Ql_FS_Read
                0x102e2620       0x78 libs/gcc/app_start.lib(fileSys.o)
                0x102e2620                Ql_FS_Read

.text.Ql_FS_Write
                0x102e2698       0x78
 .text.Ql_FS_Write
                0x102e2698       0x78 libs/gcc/app_start.lib(fileSys.o)
                0x102e2698                Ql_FS_Write

.text.Ql_FS_Seek
                0x102e2710       0x70
 .text.Ql_FS_Seek
                0x102e2710       0x70 libs/gcc/app_start.lib(fileSys.o)
                0x102e2710                Ql_FS_Seek

.text.Ql_FS_GetFilePosition
                0x102e2780       0x60
 .text.Ql_FS_GetFilePosition
                0x102e2780       0x60 libs/gcc/app_start.lib(fileSys.o)
                0x102e2780                Ql_FS_GetFilePosition

.text.Ql_FS_Truncate
                0x102e27e0       0x60
 .text.Ql_FS_Truncate
                0x102e27e0       0x60 libs/gcc/app_start.lib(fileSys.o)
                0x102e27e0                Ql_FS_Truncate

.text.Ql_FS_Flush
                0x102e2840       0x54
 .text.Ql_FS_Flush
                0x102e2840       0x54 libs/gcc/app_start.lib(fileSys.o)
                0x102e2840                Ql_FS_Flush

.text.Ql_FS_Close
                0x102e2894       0x54
 .text.Ql_FS_Close
                0x102e2894       0x54 libs/gcc/app_start.lib(fileSys.o)
                0x102e2894                Ql_FS_Close

.text.Ql_FS_GetSize
                0x102e28e8       0x60
 .text.Ql_FS_GetSize
                0x102e28e8       0x60 libs/gcc/app_start.lib(fileSys.o)
                0x102e28e8                Ql_FS_GetSize

.text.Ql_FS_Delete
                0x102e2948       0x60
 .text.Ql_FS_Delete
                0x102e2948       0x60 libs/gcc/app_start.lib(fileSys.o)
                0x102e2948                Ql_FS_Delete

.text.Ql_FS_Check
                0x102e29a8       0x60
 .text.Ql_FS_Check
                0x102e29a8       0x60 libs/gcc/app_start.lib(fileSys.o)
                0x102e29a8                Ql_FS_Check

.text.Ql_FS_CreateDir
                0x102e2a08       0x60
 .text.Ql_FS_CreateDir
                0x102e2a08       0x60 libs/gcc/app_start.lib(fileSys.o)
                0x102e2a08                Ql_FS_CreateDir

.text.Ql_FS_CheckDir
                0x102e2a68       0x60
 .text.Ql_FS_CheckDir
                0x102e2a68       0x60 libs/gcc/app_start.lib(fileSys.o)
                0x102e2a68                Ql_FS_CheckDir

.text.Ql_FS_GetFreeSpace
                0x102e2ac8       0x74
 .text.Ql_FS_GetFreeSpace
                0x102e2ac8       0x74 libs/gcc/app_start.lib(fileSys.o)
                0x102e2ac8                Ql_FS_GetFreeSpace

.text.Ql_FS_GetTotalSpace
                0x102e2b3c       0x74
 .text.Ql_FS_GetTotalSpace
                0x102e2b3c       0x74 libs/gcc/app_start.lib(fileSys.o)
                0x102e2b3c                Ql_FS_GetTotalSpace

.text.Ql_FOTA_Init
                0x102e2bb0       0x60
 .text.Ql_FOTA_Init
                0x102e2bb0       0x60 libs/gcc/app_start.lib(fota.o)
                0x102e2bb0                Ql_FOTA_Init

.text.Ql_FOTA_WriteData
                0x102e2c10       0x68
 .text.Ql_FOTA_WriteData
                0x102e2c10       0x68 libs/gcc/app_start.lib(fota.o)
                0x102e2c10                Ql_FOTA_WriteData

.text.Ql_FOTA_Finish
                0x102e2c78       0x58
 .text.Ql_FOTA_Finish
                0x102e2c78       0x58 libs/gcc/app_start.lib(fota.o)
                0x102e2c78                Ql_FOTA_Finish

.text.Ql_FOTA_Update
                0x102e2cd0       0x58
 .text.Ql_FOTA_Update
                0x102e2cd0       0x58 libs/gcc/app_start.lib(fota.o)
                0x102e2cd0                Ql_FOTA_Update

.text.Ql_GPIO_Init
                0x102e2d28       0x78
 .text.Ql_GPIO_Init
                0x102e2d28       0x78 libs/gcc/app_start.lib(gpio.o)
                0x102e2d28                Ql_GPIO_Init

.text.Ql_GPIO_SetLevel
                0x102e2da0       0x68
 .text.Ql_GPIO_SetLevel
                0x102e2da0       0x68 libs/gcc/app_start.lib(gpio.o)
                0x102e2da0                Ql_GPIO_SetLevel

.text.Ql_GPRS_GetPDPCntxtState
                0x102e2e08       0x60
 .text.Ql_GPRS_GetPDPCntxtState
                0x102e2e08       0x60 libs/gcc/app_start.lib(gprs.o)
                0x102e2e08                Ql_GPRS_GetPDPCntxtState

.text.Ql_GPRS_GetPDPContextId
                0x102e2e68       0x60
 .text.Ql_GPRS_GetPDPContextId
                0x102e2e68       0x60 libs/gcc/app_start.lib(gprs.o)
                0x102e2e68                Ql_GPRS_GetPDPContextId

.text.Ql_GPRS_Config
                0x102e2ec8       0x68
 .text.Ql_GPRS_Config
                0x102e2ec8       0x68 libs/gcc/app_start.lib(gprs.o)
                0x102e2ec8                Ql_GPRS_Config

.text.Ql_GPRS_Register
                0x102e2f30       0x70
 .text.Ql_GPRS_Register
                0x102e2f30       0x70 libs/gcc/app_start.lib(gprs.o)
                0x102e2f30                Ql_GPRS_Register

.text.Ql_GPRS_Activate
                0x102e2fa0       0x60
 .text.Ql_GPRS_Activate
                0x102e2fa0       0x60 libs/gcc/app_start.lib(gprs.o)
                0x102e2fa0                Ql_GPRS_Activate

.text.Ql_GPRS_ActivateEx
                0x102e3000       0x68
 .text.Ql_GPRS_ActivateEx
                0x102e3000       0x68 libs/gcc/app_start.lib(gprs.o)
                0x102e3000                Ql_GPRS_ActivateEx

.text.Ql_GPRS_Deactivate
                0x102e3068       0x60
 .text.Ql_GPRS_Deactivate
                0x102e3068       0x60 libs/gcc/app_start.lib(gprs.o)
                0x102e3068                Ql_GPRS_Deactivate

.text.Ql_GPRS_DeactivateEx
                0x102e30c8       0x68
 .text.Ql_GPRS_DeactivateEx
                0x102e30c8       0x68 libs/gcc/app_start.lib(gprs.o)
                0x102e30c8                Ql_GPRS_DeactivateEx

.text.EncodeAddress
                0x102e3130      0x228
 .text.EncodeAddress
                0x102e3130      0x228 libs/gcc/app_start.lib(lib_ril_sms.o)

.text.DecodeUserDataHeader
                0x102e3358       0xb8
 .text.DecodeUserDataHeader
                0x102e3358       0xb8 libs/gcc/app_start.lib(lib_ril_sms.o)

.text.EncodeGSM7Bit.part.2
                0x102e3410       0xd4
 .text.EncodeGSM7Bit.part.2
                0x102e3410       0xd4 libs/gcc/app_start.lib(lib_ril_sms.o)

.text.DecodeGSM7Bit
                0x102e34e4      0x148
 .text.DecodeGSM7Bit
                0x102e34e4      0x148 libs/gcc/app_start.lib(lib_ril_sms.o)

.text.DecodeAddress
                0x102e362c      0x218
 .text.DecodeAddress
                0x102e362c      0x218 libs/gcc/app_start.lib(lib_ril_sms.o)

.text.DecordUserDataBody.part.5
                0x102e3844      0x180
 .text.DecordUserDataBody.part.5
                0x102e3844      0x180 libs/gcc/app_start.lib(lib_ril_sms.o)

.text.DecodeTimeStamp.constprop.8
                0x102e39c4       0xfc
 .text.DecodeTimeStamp.constprop.8
                0x102e39c4       0xfc libs/gcc/app_start.lib(lib_ril_sms.o)

.text.LIB_SMS_IsValidHexStr
                0x102e3ac0       0x54
 .text.LIB_SMS_IsValidHexStr
                0x102e3ac0       0x54 libs/gcc/app_start.lib(lib_ril_sms.o)
                0x102e3ac0                LIB_SMS_IsValidHexStr

.text.LIB_SMS_ConvHexOctToHexStr
                0x102e3b14       0xa8
 .text.LIB_SMS_ConvHexOctToHexStr
                0x102e3b14       0xa8 libs/gcc/app_start.lib(lib_ril_sms.o)
                0x102e3b14                LIB_SMS_ConvHexOctToHexStr

.text.LIB_SMS_ConvHexStrToHexOct
                0x102e3bbc       0xe8
 .text.LIB_SMS_ConvHexStrToHexOct
                0x102e3bbc       0xe8 libs/gcc/app_start.lib(lib_ril_sms.o)
                0x102e3bbc                LIB_SMS_ConvHexStrToHexOct

.text.LIB_SMS_DecodeDCS
                0x102e3ca4      0x164
 .text.LIB_SMS_DecodeDCS
                0x102e3ca4      0x164 libs/gcc/app_start.lib(lib_ril_sms.o)
                0x102e3ca4                LIB_SMS_DecodeDCS

.text.LIB_SMS_ConvAlphaToCharSet
                0x102e3e08      0x43c
 .text.LIB_SMS_ConvAlphaToCharSet
                0x102e3e08      0x43c libs/gcc/app_start.lib(lib_ril_sms.o)
                0x102e3e08                LIB_SMS_ConvAlphaToCharSet

.text.LIB_SMS_ConvCharSetToAlpha
                0x102e4244      0x7b4
 .text.LIB_SMS_ConvCharSetToAlpha
                0x102e4244      0x7b4 libs/gcc/app_start.lib(lib_ril_sms.o)
                0x102e4244                LIB_SMS_ConvCharSetToAlpha

.text.LIB_SMS_DecodePDUStr
                0x102e49f8      0x500
 .text.LIB_SMS_DecodePDUStr
                0x102e49f8      0x500 libs/gcc/app_start.lib(lib_ril_sms.o)
                0x102e49f8                LIB_SMS_DecodePDUStr

.text.LIB_SMS_EncodeSubmitPDU
                0x102e4ef8      0x730
 .text.LIB_SMS_EncodeSubmitPDU
                0x102e4ef8      0x730 libs/gcc/app_start.lib(lib_ril_sms.o)
                0x102e4ef8                LIB_SMS_EncodeSubmitPDU

.text.Ql_MEM_Alloc
                0x102e5628       0x78
 .text.Ql_MEM_Alloc
                0x102e5628       0x78 libs/gcc/app_start.lib(memory.o)
                0x102e5628                Ql_MEM_Alloc

.text.Ql_MEM_Free
                0x102e56a0       0x74
 .text.Ql_MEM_Free
                0x102e56a0       0x74 libs/gcc/app_start.lib(memory.o)
                0x102e56a0                Ql_MEM_Free

.text.ql_InitVFunc
                0x102e5714       0xd8
 .text.ql_InitVFunc
                0x102e5714       0xd8 libs/gcc/app_start.lib(ql_main.o)
                0x102e5714                ql_InitVFunc

.text.ocpu_main
                0x102e57ec       0xf0
 .text.ocpu_main
                0x102e57ec       0xf0 libs/gcc/app_start.lib(ql_main.o)
                0x102e57ec                ocpu_main

.text.proc_reserved2
                0x102e58dc       0x70
 .text.proc_reserved2
                0x102e58dc       0x70 libs/gcc/app_start.lib(ril_aux.o)
                0x102e58dc                proc_reserved2

.text.ril_StopATTimer
                0x102e594c       0x34
 .text.ril_StopATTimer
                0x102e594c       0x34 libs/gcc/app_start.lib(ril_main.o)

.text.Callback_OnATTimer
                0x102e5980       0x4c
 .text.Callback_OnATTimer
                0x102e5980       0x4c libs/gcc/app_start.lib(ril_main.o)

.text.CallBack_SerialPort_Hdlr
                0x102e59cc      0x438
 .text.CallBack_SerialPort_Hdlr
                0x102e59cc      0x438 libs/gcc/app_start.lib(ril_main.o)

.text.proc_reserved1
                0x102e5e04      0x200
 .text.proc_reserved1
                0x102e5e04      0x200 libs/gcc/app_start.lib(ril_main.o)
                0x102e5e04                proc_reserved1

.text.Ql_RIL_Initialize
                0x102e6004       0xd4
 .text.Ql_RIL_Initialize
                0x102e6004       0xd4 libs/gcc/app_start.lib(ril_main.o)
                0x102e6004                Ql_RIL_Initialize

.text.Ql_RIL_SendATCmd
                0x102e60d8      0x260
 .text.Ql_RIL_SendATCmd
                0x102e60d8      0x260 libs/gcc/app_start.lib(ril_main.o)
                0x102e60d8                Ql_RIL_SendATCmd

.text.Ql_RIL_WriteDataToCore
                0x102e6338       0x24
 .text.Ql_RIL_WriteDataToCore
                0x102e6338       0x24 libs/gcc/app_start.lib(ril_main.o)
                0x102e6338                Ql_RIL_WriteDataToCore

.text.Ql_SOC_Register
                0x102e635c       0x84
 .text.Ql_SOC_Register
                0x102e635c       0x84 libs/gcc/app_start.lib(socket.o)
                0x102e635c                Ql_SOC_Register

.text.Ql_SOC_Create
                0x102e63e0       0x64
 .text.Ql_SOC_Create
                0x102e63e0       0x64 libs/gcc/app_start.lib(socket.o)
                0x102e63e0                Ql_SOC_Create

.text.Ql_SOC_CreateEx
                0x102e6444       0x94
 .text.Ql_SOC_CreateEx
                0x102e6444       0x94 libs/gcc/app_start.lib(socket.o)
                0x102e6444                Ql_SOC_CreateEx

.text.Ql_SOC_Close
                0x102e64d8       0x60
 .text.Ql_SOC_Close
                0x102e64d8       0x60 libs/gcc/app_start.lib(socket.o)
                0x102e64d8                Ql_SOC_Close

.text.Ql_SOC_Connect
                0x102e6538       0x70
 .text.Ql_SOC_Connect
                0x102e6538       0x70 libs/gcc/app_start.lib(socket.o)
                0x102e6538                Ql_SOC_Connect

.text.Ql_SOC_ConnectEx
                0x102e65a8       0x78
 .text.Ql_SOC_ConnectEx
                0x102e65a8       0x78 libs/gcc/app_start.lib(socket.o)
                0x102e65a8                Ql_SOC_ConnectEx

.text.Ql_SOC_Send
                0x102e6620       0x70
 .text.Ql_SOC_Send
                0x102e6620       0x70 libs/gcc/app_start.lib(socket.o)
                0x102e6620                Ql_SOC_Send

.text.Ql_SOC_Recv
                0x102e6690       0x70
 .text.Ql_SOC_Recv
                0x102e6690       0x70 libs/gcc/app_start.lib(socket.o)
                0x102e6690                Ql_SOC_Recv

.text.Ql_IpHelper_GetIPByHostName
                0x102e6700       0x78
 .text.Ql_IpHelper_GetIPByHostName
                0x102e6700       0x78 libs/gcc/app_start.lib(socket.o)
                0x102e6700                Ql_IpHelper_GetIPByHostName

.text.Ql_IpHelper_ConvertIpAddr
                0x102e6778       0x68
 .text.Ql_IpHelper_ConvertIpAddr
                0x102e6778       0x68 libs/gcc/app_start.lib(socket.o)
                0x102e6778                Ql_IpHelper_ConvertIpAddr

.text.Ql_atof   0x102e67e0       0x98
 .text.Ql_atof  0x102e67e0       0x98 libs/gcc/app_start.lib(stdlib_func.o)
                0x102e67e0                Ql_atof

.text.Ql_strcpy
                0x102e6878       0xa0
 .text.Ql_strcpy
                0x102e6878       0xa0 libs/gcc/app_start.lib(stdlib_func.o)
                0x102e6878                Ql_strcpy

.text.Ql_strncpy
                0x102e6918       0x88
 .text.Ql_strncpy
                0x102e6918       0x88 libs/gcc/app_start.lib(stdlib_func.o)
                0x102e6918                Ql_strncpy

.text.Ql_strlen
                0x102e69a0       0x78
 .text.Ql_strlen
                0x102e69a0       0x78 libs/gcc/app_start.lib(stdlib_func.o)
                0x102e69a0                Ql_strlen

.text.Ql_strcmp
                0x102e6a18       0x68
 .text.Ql_strcmp
                0x102e6a18       0x68 libs/gcc/app_start.lib(stdlib_func.o)
                0x102e6a18                Ql_strcmp

.text.Ql_strncmp
                0x102e6a80       0x70
 .text.Ql_strncmp
                0x102e6a80       0x70 libs/gcc/app_start.lib(stdlib_func.o)
                0x102e6a80                Ql_strncmp

.text.Ql_memset
                0x102e6af0       0x88
 .text.Ql_memset
                0x102e6af0       0x88 libs/gcc/app_start.lib(stdlib_func.o)
                0x102e6af0                Ql_memset

.text.Ql_memcpy
                0x102e6b78       0x88
 .text.Ql_memcpy
                0x102e6b78       0x88 libs/gcc/app_start.lib(stdlib_func.o)
                0x102e6b78                Ql_memcpy

.text.Ql_memcmp
                0x102e6c00       0x70
 .text.Ql_memcmp
                0x102e6c00       0x70 libs/gcc/app_start.lib(stdlib_func.o)
                0x102e6c00                Ql_memcmp

.text.Ql_strstr
                0x102e6c70       0x80
 .text.Ql_strstr
                0x102e6c70       0x80 libs/gcc/app_start.lib(stdlib_func.o)
                0x102e6c70                Ql_strstr

.text.Ql_toupper
                0x102e6cf0        0x8
 .text.Ql_toupper
                0x102e6cf0        0x8 libs/gcc/app_start.lib(stdlib_func.o)
                0x102e6cf0                Ql_toupper

.text.Ql_tolower
                0x102e6cf8        0x8
 .text.Ql_tolower
                0x102e6cf8        0x8 libs/gcc/app_start.lib(stdlib_func.o)
                0x102e6cf8                Ql_tolower

.text.Ql_atoi   0x102e6d00       0x84
 .text.Ql_atoi  0x102e6d00       0x84 libs/gcc/app_start.lib(stdlib_func.o)
                0x102e6d00                Ql_atoi

.text.Ql_Sleep  0x102e6d84       0x74
 .text.Ql_Sleep
                0x102e6d84       0x74 libs/gcc/app_start.lib(system.o)
                0x102e6d84                Ql_Sleep

.text.Ql_Reset  0x102e6df8       0x74
 .text.Ql_Reset
                0x102e6df8       0x74 libs/gcc/app_start.lib(system.o)
                0x102e6df8                Ql_Reset

.text.Ql_GetSDKVer
                0x102e6e6c       0x64
 .text.Ql_GetSDKVer
                0x102e6e6c       0x64 libs/gcc/app_start.lib(system.o)
                0x102e6e6c                Ql_GetSDKVer

.text.Ql_OS_GetMessage
                0x102e6ed0       0x60
 .text.Ql_OS_GetMessage
                0x102e6ed0       0x60 libs/gcc/app_start.lib(taskMngt.o)
                0x102e6ed0                Ql_OS_GetMessage

.text.Ql_OS_SendMessage
                0x102e6f30       0x78
 .text.Ql_OS_SendMessage
                0x102e6f30       0x78 libs/gcc/app_start.lib(taskMngt.o)
                0x102e6f30                Ql_OS_SendMessage

.text.Ql_OS_CreateMutex
                0x102e6fa8       0x54
 .text.Ql_OS_CreateMutex
                0x102e6fa8       0x54 libs/gcc/app_start.lib(taskMngt.o)
                0x102e6fa8                Ql_OS_CreateMutex

.text.Ql_OS_TakeMutex
                0x102e6ffc       0x54
 .text.Ql_OS_TakeMutex
                0x102e6ffc       0x54 libs/gcc/app_start.lib(taskMngt.o)
                0x102e6ffc                Ql_OS_TakeMutex

.text.Ql_OS_GiveMutex
                0x102e7050       0x54
 .text.Ql_OS_GiveMutex
                0x102e7050       0x54 libs/gcc/app_start.lib(taskMngt.o)
                0x102e7050                Ql_OS_GiveMutex

.text.Ql_OS_CreateEvent
                0x102e70a4       0x54
 .text.Ql_OS_CreateEvent
                0x102e70a4       0x54 libs/gcc/app_start.lib(taskMngt.o)
                0x102e70a4                Ql_OS_CreateEvent

.text.Ql_OS_WaitEvent
                0x102e70f8       0x68
 .text.Ql_OS_WaitEvent
                0x102e70f8       0x68 libs/gcc/app_start.lib(taskMngt.o)
                0x102e70f8                Ql_OS_WaitEvent

.text.Ql_OS_SetEvent
                0x102e7160       0x68
 .text.Ql_OS_SetEvent
                0x102e7160       0x68 libs/gcc/app_start.lib(taskMngt.o)
                0x102e7160                Ql_OS_SetEvent

.text.Ql_OS_GetActiveTaskId
                0x102e71c8       0x58
 .text.Ql_OS_GetActiveTaskId
                0x102e71c8       0x58 libs/gcc/app_start.lib(taskMngt.o)
                0x102e71c8                Ql_OS_GetActiveTaskId

.text.Ql_SetLocalTime
                0x102e7220       0x60
 .text.Ql_SetLocalTime
                0x102e7220       0x60 libs/gcc/app_start.lib(time.o)
                0x102e7220                Ql_SetLocalTime

.text.Ql_GetLocalTime
                0x102e7280       0x54
 .text.Ql_GetLocalTime
                0x102e7280       0x54 libs/gcc/app_start.lib(time.o)
                0x102e7280                Ql_GetLocalTime

.text.Ql_Mktime
                0x102e72d4       0x70
 .text.Ql_Mktime
                0x102e72d4       0x70 libs/gcc/app_start.lib(time.o)
                0x102e72d4                Ql_Mktime

.text.Ql_MKTime2CalendarTime
                0x102e7344       0x64
 .text.Ql_MKTime2CalendarTime
                0x102e7344       0x64 libs/gcc/app_start.lib(time.o)
                0x102e7344                Ql_MKTime2CalendarTime

.text.Ql_Timer_Register
                0x102e73a8       0x70
 .text.Ql_Timer_Register
                0x102e73a8       0x70 libs/gcc/app_start.lib(timer.o)
                0x102e73a8                Ql_Timer_Register

.text.Ql_Timer_Start
                0x102e7418       0x70
 .text.Ql_Timer_Start
                0x102e7418       0x70 libs/gcc/app_start.lib(timer.o)
                0x102e7418                Ql_Timer_Start

.text.Ql_Timer_Stop
                0x102e7488       0x60
 .text.Ql_Timer_Stop
                0x102e7488       0x60 libs/gcc/app_start.lib(timer.o)
                0x102e7488                Ql_Timer_Stop

.text.Ql_UART_Register
                0x102e74e8       0x70
 .text.Ql_UART_Register
                0x102e74e8       0x70 libs/gcc/app_start.lib(uart.o)
                0x102e74e8                Ql_UART_Register

.text.Ql_UART_Open
                0x102e7558       0x70
 .text.Ql_UART_Open
                0x102e7558       0x70 libs/gcc/app_start.lib(uart.o)
                0x102e7558                Ql_UART_Open

.text.Ql_UART_OpenEx
                0x102e75c8       0x68
 .text.Ql_UART_OpenEx
                0x102e75c8       0x68 libs/gcc/app_start.lib(uart.o)
                0x102e75c8                Ql_UART_OpenEx

.text.Ql_UART_Write
                0x102e7630       0x70
 .text.Ql_UART_Write
                0x102e7630       0x70 libs/gcc/app_start.lib(uart.o)
                0x102e7630                Ql_UART_Write

.text.Ql_UART_Read
                0x102e76a0       0x70
 .text.Ql_UART_Read
                0x102e76a0       0x70 libs/gcc/app_start.lib(uart.o)
                0x102e76a0                Ql_UART_Read

.text.Ql_UART_ClrRxBuffer
                0x102e7710       0x54
 .text.Ql_UART_ClrRxBuffer
                0x102e7710       0x54 libs/gcc/app_start.lib(uart.o)
                0x102e7710                Ql_UART_ClrRxBuffer

.text.Ql_UART_GetPinStatus
                0x102e7764       0x68
 .text.Ql_UART_GetPinStatus
                0x102e7764       0x68 libs/gcc/app_start.lib(uart.o)
                0x102e7764                Ql_UART_GetPinStatus

.text.Ql_UART_SendEscap
                0x102e77cc       0x60
 .text.Ql_UART_SendEscap
                0x102e77cc       0x60 libs/gcc/app_start.lib(uart.o)
                0x102e77cc                Ql_UART_SendEscap

.text.Ql_UART_Close
                0x102e782c       0x54
 .text.Ql_UART_Close
                0x102e782c       0x54 libs/gcc/app_start.lib(uart.o)
                0x102e782c                Ql_UART_Close

.text.OCPU_WTD_ChangeGPIOLevel
                0x102e7880       0x38
 .text.OCPU_WTD_ChangeGPIOLevel
                0x102e7880       0x38 libs/gcc/app_start.lib(watchdog.o)
                0x102e7880                OCPU_WTD_ChangeGPIOLevel

.text.Ql_WTD_Calback
                0x102e78b8       0xc4
 .text.Ql_WTD_Calback
                0x102e78b8       0xc4 libs/gcc/app_start.lib(watchdog.o)

.text.Ql_WTD_Init
                0x102e797c      0x100
 .text.Ql_WTD_Init
                0x102e797c      0x100 libs/gcc/app_start.lib(watchdog.o)
                0x102e797c                Ql_WTD_Init

.text.Ql_WTD_Start
                0x102e7a7c       0xb4
 .text.Ql_WTD_Start
                0x102e7a7c       0xb4 libs/gcc/app_start.lib(watchdog.o)
                0x102e7a7c                Ql_WTD_Start

.text.Ql_WTD_Feed
                0x102e7b30       0x5c
 .text.Ql_WTD_Feed
                0x102e7b30       0x5c libs/gcc/app_start.lib(watchdog.o)
                0x102e7b30                Ql_WTD_Feed

.rodata         0x102e7b90     0x17f4
 *(.rodata)
 .rodata        0x102e7b90       0x54 build\gcc\obj/custom/config/custom_sys_cfg.o
                0x102e7b94                SystemCfg
 .rodata        0x102e7be4       0x54 build\gcc\obj/custom/config/sys_config.o
                0x102e7be4                GpioConfigTbl
                0x102e7be8                TaskConfig
 .rodata        0x102e7c38      0x100 build\gcc\obj/ril/src/ril_bluetooth.o
 .rodata        0x102e7d38       0x1a build\gcc\obj/ril/src/ril_dtmf.o
 .rodata        0x102e7d52       0x61 build\gcc\obj/ril/src/ril_http.o
 .rodata        0x102e7db3        0xe build\gcc\obj/ril/src/ril_location.o
 .rodata        0x102e7dc1       0x5d build\gcc\obj/ril/src/ril_network.o
 .rodata        0x102e7e1e        0xa build\gcc\obj/ril/src/ril_ntp.o
 .rodata        0x102e7e28      0xa48 build\gcc\obj/ril/src/ril_urc.o
 .rodata        0x102e8870      0x5dc build\gcc\obj/example/example_Universal_Code_Modbus_Comm_V09.o
 .rodata        0x102e8e4c      0x3bc libs/gcc/app_start.lib(lib_ril_sms.o)
 .rodata        0x102e9208       0x16 libs/gcc/app_start.lib(ql_main.o)
 .rodata        0x102e921e        0x4 libs/gcc/app_start.lib(ril_main.o)
 .rodata        0x102e9222       0x1b libs/gcc/app_start.lib(system.o)
 *fill*         0x102e923d        0x3 
 .rodata        0x102e9240       0x30 C:\Program Files (x86)\CodeSourcery\Sourcery_CodeBench_Lite_for_ARM_EABI/arm-none-eabi/lib/thumb/libm.a(lib_a-e_pow.o)
 .rodata        0x102e9270       0x10 C:\Program Files (x86)\CodeSourcery\Sourcery_CodeBench_Lite_for_ARM_EABI/arm-none-eabi/lib/thumb/libm.a(lib_a-s_rint.o)
 .rodata        0x102e9280      0x104 C:\Program Files (x86)\CodeSourcery\Sourcery_CodeBench_Lite_for_ARM_EABI/arm-none-eabi/lib/thumb/libc.a(lib_a-ctype_.o)
                0x102e9280                _ctype_

.rodata.str1.1  0x102e9384     0x5e4a
 .rodata.str1.1
                0x102e9384       0x25 build\gcc\obj/ril/src/ril_atResponse.o
                                 0x2e (size before relaxing)
 .rodata.str1.1
                0x102e93a9      0x3e8 build\gcc\obj/ril/src/ril_bluetooth.o
                                0x4e3 (size before relaxing)
 .rodata.str1.1
                0x102e9791       0xb7 build\gcc\obj/ril/src/ril_dtmf.o
                                 0xcc (size before relaxing)
 .rodata.str1.1
                0x102e9848      0x265 build\gcc\obj/ril/src/ril_ftp.o
                                0x28b (size before relaxing)
 .rodata.str1.1
                0x102e9aad       0x19 build\gcc\obj/ril/src/ril_http.o
                                 0x2e (size before relaxing)
 .rodata.str1.1
                0x102e9ac6       0x52 build\gcc\obj/ril/src/ril_init.o
 .rodata.str1.1
                0x102e9b18       0x88 build\gcc\obj/ril/src/ril_location.o
                                 0xca (size before relaxing)
 .rodata.str1.1
                0x102e9ba0       0xe3 build\gcc\obj/ril/src/ril_network.o
                                0x112 (size before relaxing)
 .rodata.str1.1
                0x102e9c83       0x79 build\gcc\obj/ril/src/ril_sim.o
                                 0xaf (size before relaxing)
 .rodata.str1.1
                0x102e9cfc       0xa0 build\gcc\obj/ril/src/ril_sms.o
                                 0xcb (size before relaxing)
 .rodata.str1.1
                0x102e9d9c      0x1b2 build\gcc\obj/ril/src/ril_urc.o
                                0x1b9 (size before relaxing)
 .rodata.str1.1
                0x102e9f4e       0x11 build\gcc\obj/ril/src/ril_util.o
                                 0x16 (size before relaxing)
 .rodata.str1.1
                0x102e9f5f     0x3b63 build\gcc\obj/example/example_Universal_Code_Modbus_Comm_V09.o
                               0x3c70 (size before relaxing)
 .rodata.str1.1
                0x102edac2      0x6a0 build\gcc\obj/custom/fota/src/fota_ftp.o
                                0x6a8 (size before relaxing)
 .rodata.str1.1
                0x102ee162      0x47d build\gcc\obj/custom/fota/src/fota_http.o
                                0x4e9 (size before relaxing)
 .rodata.str1.1
                0x102ee5df       0xe3 build\gcc\obj/custom/fota/src/fota_http_code.o
                                 0xee (size before relaxing)
 .rodata.str1.1
                0x102ee6c2      0x1ea build\gcc\obj/custom/fota/src/fota_main.o
 .rodata.str1.1
                0x102ee8ac      0x15c libs/gcc/app_start.lib(fileSys.o)
 .rodata.str1.1
                0x102eea08       0x4e libs/gcc/app_start.lib(fota.o)
 .rodata.str1.1
                0x102eea56       0x9a libs/gcc/app_start.lib(gpio.o)
 .rodata.str1.1
                0x102eeaf0       0xcb libs/gcc/app_start.lib(gprs.o)
 .rodata.str1.1
                0x102eebbb       0x19 libs/gcc/app_start.lib(memory.o)
 .rodata.str1.1
                0x102eebd4       0x51 libs/gcc/app_start.lib(ql_main.o)
                                 0x56 (size before relaxing)
 .rodata.str1.1
                0x102eec25       0x29 libs/gcc/app_start.lib(ril_main.o)
                                 0x32 (size before relaxing)
 .rodata.str1.1
                0x102eec4e      0x151 libs/gcc/app_start.lib(socket.o)
 .rodata.str1.1
                0x102eed9f       0xe8 libs/gcc/app_start.lib(stdlib_func.o)
 .rodata.str1.1
                0x102eee87       0x3d libs/gcc/app_start.lib(system.o)
 .rodata.str1.1
                0x102eeec4      0x157 libs/gcc/app_start.lib(taskMngt.o)
 .rodata.str1.1
                0x102ef01b       0x41 libs/gcc/app_start.lib(time.o)
 .rodata.str1.1
                0x102ef05c       0x45 libs/gcc/app_start.lib(timer.o)
 .rodata.str1.1
                0x102ef0a1      0x108 libs/gcc/app_start.lib(uart.o)
 .rodata.str1.1
                0x102ef1a9       0x25 libs/gcc/app_start.lib(watchdog.o)

.rodata.str1.4  0x102ef1d0        0xc
 .rodata.str1.4
                0x102ef1d0        0x4 C:\Program Files (x86)\CodeSourcery\Sourcery_CodeBench_Lite_for_ARM_EABI/arm-none-eabi/lib/thumb/libm.a(lib_a-w_pow.o)
 .rodata.str1.4
                0x102ef1d4        0x1 C:\Program Files (x86)\CodeSourcery\Sourcery_CodeBench_Lite_for_ARM_EABI/arm-none-eabi/lib/thumb/libm.a(lib_a-e_pow.o)
                                  0x4 (size before relaxing)
 *fill*         0x102ef1d5        0x3 
 .rodata.str1.4
                0x102ef1d8        0x4 C:\Program Files (x86)\CodeSourcery\Sourcery_CodeBench_Lite_for_ARM_EABI/arm-none-eabi/lib/thumb/libc.a(lib_a-impure.o)

.rel.dyn        0x102ef1dc        0x0
 .rel.iplt      0x00000000        0x0 build\gcc\obj/custom/config/custom_sys_cfg.o

.data           0xf03d2000      0xe48 load address 0x102ef1e0
                0x102ef1e0                PROVIDE (__data_load, LOADADDR (.data))
                0xf03d2000                PROVIDE (__data_start, .)
 *(.data)
 .data          0xf03d2000        0x1 build\gcc\obj/ril/src/ril_bluetooth.o
 *fill*         0xf03d2001        0x3 
 .data          0xf03d2004       0x20 build\gcc\obj/ril/src/ril_init.o
                0xf03d2004                g_LimitedCmds
                0xf03d200c                g_InitCmds
 .data          0xf03d2024       0x38 build\gcc\obj/ril/src/ril_urc.o
                0xf03d2024                mqtt_urc_param
 .data          0xf03d205c      0x8e8 build\gcc\obj/example/example_Universal_Code_Modbus_Comm_V09.o
                0xf03d205c                socket_flag
                0xf03d205d                device_id
                0xf03d206c                MODEL_NAME
                0xf03d208a                UTC_DATE_TIME
                0xf03d209e                VERSION
                0xf03d20ad                COMMUNICATION_WITH_CONTROLLER_FLAG
                0xf03d20e4                START_OF_DEVICE_ID
                0xf03d20e8                APN_NAME
                0xf03d2101                ST_Interval1
                0xf03d2107                ST_Interval12
                0xf03d210d                HTTP_URL_ADDR
                0xf03d250d                MODBUS_SLAVE_ID
                0xf03d250e                start_flag
                0xf03d250f                SYSTEM_INITIALIZE_WATCHDOG_FLAG
                0xf03d2510                ST_Interval
                0xf03d2514                LOGBOOK_Interval
                0xf03d2518                SERVER_PROTOCOL_SELECTION
                0xf03d2519                APP_BIN_URL
                0xf03d291c                ST_Interval2
                0xf03d2920                SYSTEM_WATCHDOG_FLAG
                0xf03d2924                ST_Interval4
                0xf03d2928                WATCHDOG_FEED_PIN
                0xf03d292c                Timer_Val_WatchdogFeed
                0xf03d2930                WATCHDOG_INTERNAL_FEED_TIMER
                0xf03d2934                SWITCHING_485_INTERVAL
                0xf03d2938                ST_Interval3
                0xf03d293c                LOGBOOK_DATA_FLAG
                0xf03d293d                reset_flag
                0xf03d2940                ST_Interval6
 .data          0xf03d2944       0x34 build\gcc\obj/custom/fota/src/fota_http.o
                0xf03d2944                HttpGetHead
                0xf03d295c                Httpcallback_gprs_func
                0xf03d2964                Httpcallback_SOC_func
 .data          0xf03d2978        0x2 build\gcc\obj/custom/fota/src/fota_http_code.o
 .data          0xf03d297a       0x65 build\gcc\obj/custom/fota/src/fota_main.o
                0xf03d297a                Fota_apn
                0xf03d29de                g_FOTA_State
 .data          0xf03d29df       0x18 libs/gcc/app_start.lib(ql_func.o)
                0xf03d29df                api_notsup
 *fill*         0xf03d29f7        0x1 
 .data          0xf03d29f8        0x4 libs/gcc/app_start.lib(ril_aux.o)
                0xf03d29f8                g_ril_auxTaskId
 .data          0xf03d29fc       0x10 libs/gcc/app_start.lib(ril_main.o)
 .data          0xf03d2a0c        0x1 C:\Program Files (x86)\CodeSourcery\Sourcery_CodeBench_Lite_for_ARM_EABI/arm-none-eabi/lib/thumb/libm.a(lib_a-s_lib_ver.o)
                0xf03d2a0c                __fdlib_version
 *fill*         0xf03d2a0d        0x3 
 .data          0xf03d2a10      0x430 C:\Program Files (x86)\CodeSourcery\Sourcery_CodeBench_Lite_for_ARM_EABI/arm-none-eabi/lib/thumb/libc.a(lib_a-impure.o)
                0xf03d2a10                _impure_ptr
 .data          0xf03d2e40        0x4 C:\Program Files (x86)\CodeSourcery\Sourcery_CodeBench_Lite_for_ARM_EABI/arm-none-eabi/lib/thumb/libc.a(lib_a-ctype_.o)
                0xf03d2e40                __ctype_ptr__
                0xf03d2e48                . = ALIGN (0x8)
 *fill*         0xf03d2e44        0x4 
                0xf03d2e48                PROVIDE (_edata, .)

.igot.plt       0xf03d2e48        0x0 load address 0x102f0028
 .igot.plt      0x00000000        0x0 build\gcc\obj/custom/config/custom_sys_cfg.o

.bss            0xf03d2e48     0x98d0 load address 0x102f0028
                0xf03d2e48                PROVIDE (__bss_start__, .)
 *(.bss)
 .bss           0xf03d2e48        0x4 build\gcc\obj/ril/src/ril_atResponse.o
 .bss           0xf03d2e4c        0x4 build\gcc\obj/ril/src/ril_audio.o
                0xf03d2e4c                cb_aud_play
 .bss           0xf03d2e50       0x98 build\gcc\obj/ril/src/ril_bluetooth.o
 .bss           0xf03d2ee8        0x4 build\gcc\obj/ril/src/ril_custom.o
                0xf03d2ee8                cb_rcvCoreData
 .bss           0xf03d2eec       0x10 build\gcc\obj/ril/src/ril_dtmf.o
 .bss           0xf03d2efc       0x18 build\gcc\obj/ril/src/ril_http.o
                0xf03d2f00                http_url_addr
                0xf03d2f04                http_url_addr_len
                0xf03d2f08                http_post_msg
                0xf03d2f0c                http_post_msg_len
                0xf03d2f10                callback_http_dwnld
 .bss           0xf03d2f14        0x4 build\gcc\obj/ril/src/ril_location.o
 .bss           0xf03d2f18        0x4 build\gcc\obj/ril/src/ril_ntp.o
 .bss           0xf03d2f1c        0x1 build\gcc\obj/ril/src/ril_sms.o
 *fill*         0xf03d2f1d        0x3 
 .bss           0xf03d2f20        0x8 build\gcc\obj/ril/src/ril_urc.o
                0xf03d2f20                FtpGet_IND_CB
                0xf03d2f24                FtpPut_IND_CB
 .bss           0xf03d2f28     0x439c build\gcc\obj/example/example_Universal_Code_Modbus_Comm_V09.o
                0xf03d3f2c                GPRS_flag
                0xf03d3f30                DEVICE_LATITUDE
                0xf03d3f34                DEVICE_LONGITUDE
                0xf03d3f3c                m_SocketConnState
                0xf03d3ff0                ERROR_STATUS_1
                0xf03d3ff1                DATA_FROM_CONTROLLER
                0xf03d5761                NO_COMM_WITH_CONTROLLER_COUNT
                0xf03d5762                comm_flag
                0xf03d5763                DATA_SEND_TO_SERVER_FLAG
                0xf03d5764                SOCKET_IN_WOULD_BLOCK_FLAG
                0xf03d5765                SERVER2_SETTING_SELECTION_FLAG
                0xf03d5766                filePath1
                0xf03d57ca                filePath2
                0xf03d582e                filePath3
                0xf03d5892                filePath4
                0xf03d58f6                filePath5
                0xf03d595a                filePath6
                0xf03d59be                filePath7
                0xf03d5a22                filePath8
                0xf03d5a86                filePath9
                0xf03d5aea                filePath10
                0xf03d5b4e                filePath11
                0xf03d5bb2                filePath12
                0xf03d5c16                filePath13
                0xf03d5c7a                filePath14
                0xf03d6100                module_state
                0xf03d6101                PORT2_COMMUNICATION_FLAG
                0xf03d6102                send_1
                0xf03d6103                send_flag2
                0xf03d6104                send_flag1
                0xf03d6105                QUERY_SEND_STAGE
                0xf03d6506                INITIAL_RTC_TIME_SYNC_FLAG
                0xf03d6507                strBuf_ser_mod
                0xf03d656b                strBuf_time_store
                0xf03d65cf                strBuf_data
                0xf03d6633                MODBUS_STORE_PARAMETER_DETECTECTION_FLAG
                0xf03d6634                strBuf_id
                0xf03d6698                strBuf_apn
                0xf03d66fc                strBuf_ip
                0xf03d6760                strBuf_port
                0xf03d67c4                m_SrvPort1
                0xf03d67c9                strBuf_time
                0xf03d682d                strBuf_Count
                0xf03d6892                STORE_DATA_COUNT
                0xf03d6894                STORE_DATA_LENGTH
                0xf03d6896                DATA_STORE_FLAG
                0xf03d6897                m_SrvPort12
                0xf03d689c                fota_flag
                0xf03d689d                NETWORK_STATUS_INDICATOR
                0xf03d689e                NO_COMMUNICATION_WITH_CONTROLLER_INDICATION
                0xf03d689f                HTTP_GPRS_SETTING_FLAG
                0xf03d68a0                GSM_NETLIGHT_PIN
                0xf03d6e55                MODBUS_WRITE_QURIES_COUNT
                0xf03d6e56                database
                0xf03d71da                MODBUS_WRITE_FLAG
                0xf03d71db                GSM_flag
                0xf03d71dc                Network_Time_Set_Flag
                0xf03d71de                NO_OF_MODBUS_VARIABLE_COUNT
                0xf03d71e0                QUERY_POINTER
                0xf03d71e1                DATA_RCV_ON_UART_FOR_MODBUS_FLAG
                0xf03d71e2                QUERY_RCV_POINTER
                0xf03d71e4                COUNT_FOR_STORE_TIME_IN_UFL
                0xf03d71e6                NETLIGHT_COUNT
                0xf03d71e7                NETLIGHT_STATUS
                0xf03d71e8                SEND_DATA_TO_SERVER_FLAG
                0xf03d71e9                ERROR_STATUS_2
                0xf03d71ea                ERROR_STATUS_3
                0xf03d71eb                ERROR_STATUS_4
                0xf03d71ec                ERROR_STATUS_5
                0xf03d71ed                ERROR_STATUS_6
                0xf03d71ee                ERROR_STATUS_7
                0xf03d71ef                ERROR_STATUS_8
                0xf03d71f0                ERROR_STATUS_9
                0xf03d71f1                ERROR_STATUS_10
                0xf03d71f2                ERROR_STATUS_11
                0xf03d71f3                ERROR_STATUS_12
                0xf03d71f4                GPRS_Connection_Flag
                0xf03d71f5                ERROR_FLAG
                0xf03d71f6                send_data_flag
                0xf03d71f7                storage_flag
                0xf03d71f8                string_flag
                0xf03d71f9                QUERY_RCV_STAGE
                0xf03d71fa                strBuf_time1
                0xf03d725e                strBuf_url
 .bss           0xf03d72c4       0xb0 build\gcc\obj/custom/fota/src/fota_ftp.o
 .bss           0xf03d7374        0x8 build\gcc\obj/custom/fota/src/fota_http_code.o
                0xf03d7374                dbg_httpresponse
                0xf03d7378                dbg_ContentLength
 .bss           0xf03d737c       0x44 build\gcc\obj/custom/fota/src/fota_main.o
                0xf03d737c                Fota_UpgardeState
                0xf03d7380                Fota_passwd
                0xf03d73a0                Fota_userid
 .bss           0xf03d73c0       0x60 libs/gcc/app_start.lib(fileSys.o)
 .bss           0xf03d7420       0x14 libs/gcc/app_start.lib(fota.o)
 .bss           0xf03d7434       0x20 libs/gcc/app_start.lib(gpio.o)
                0xf03d7434                m_GPIO_Init
                0xf03d7438                m_GPIO_SetLevel
                0xf03d743c                m_GPIO_GetLevel
                0xf03d7440                m_GPIO_SetDirection
                0xf03d7444                m_GPIO_GetDirection
                0xf03d7448                m_GPIO_SetPullSelection
                0xf03d744c                m_GPIO_GetPullSelection
                0xf03d7450                m_GPIO_Uninit
 .bss           0xf03d7454       0x28 libs/gcc/app_start.lib(gprs.o)
 .bss           0xf03d747c        0x8 libs/gcc/app_start.lib(memory.o)
 .bss           0xf03d7484       0x24 libs/gcc/app_start.lib(ql_func.o)
                0xf03d7484                m_StartPlayAudioStream
                0xf03d7488                m_get_api_ptr
                0xf03d748c                m_StopPlayAudioStream
                0xf03d7490                m_GetRelativeTime_Counter
                0xf03d7494                m_SecondToTicks
                0xf03d7498                m_MillisecondToTicks
                0xf03d749c                m_CalendarTime2LocalTime
                0xf03d74a0                m_osChangeTaskPriority
                0xf03d74a4                m_create_api_hash
 .bss           0xf03d74a8       0x10 libs/gcc/app_start.lib(ql_main.o)
                0xf03d74ac                runinfo
 .bss           0xf03d74b8        0x1 libs/gcc/app_start.lib(ril_aux.o)
                0xf03d74b8                g_ril_auxTaskReady
 *fill*         0xf03d74b9        0x3 
 .bss           0xf03d74bc      0xc34 libs/gcc/app_start.lib(ril_main.o)
 .bss           0xf03d80f0       0x4c libs/gcc/app_start.lib(socket.o)
 .bss           0xf03d813c       0x5c libs/gcc/app_start.lib(stdlib_func.o)
 .bss           0xf03d8198       0x14 libs/gcc/app_start.lib(system.o)
 .bss           0xf03d81ac       0x44 libs/gcc/app_start.lib(taskMngt.o)
 .bss           0xf03d81f0       0x10 libs/gcc/app_start.lib(time.o)
 .bss           0xf03d8200       0x10 libs/gcc/app_start.lib(timer.o)
 .bss           0xf03d8210       0x3c libs/gcc/app_start.lib(uart.o)
 .bss           0xf03d824c       0x18 libs/gcc/app_start.lib(watchdog.o)
                0xf03d8268                . = ALIGN (0x8)
 *fill*         0xf03d8264        0x4 
                0xf03d8268                PROVIDE (__bss_end__, .)
 COMMON         0xf03d8268      0x124 build\gcc\obj/ril/src/ril_telephony.o
                0xf03d8268                g_comingCall
 COMMON         0xf03d838c     0x4082 build\gcc\obj/example/example_Universal_Code_Modbus_Comm_V09.o
                0xf03d838c                FUNCTION_CODE
                0xf03d83f0                NETLIGHT_ONTIME
                0xf03d83f4                wtdid1
                0xf03d83f8                WTD_Id
                0xf03d83fc                MODBUS_SLAVE_ID_BUFF
                0xf03d8460                arrHttpRcvBuf
                0xf03dac60                BLINK_COUNT
                0xf03dac64                MODBUS_ADDRESS
                0xf03dadf4                data_mod
                0xf03daf44                address_mod
                0xf03db094                g_asConSMSBuf
                0xf03dc22e                THREE_SEC_COUNT
                0xf03dc22f                ONE_SEC_COUNT
                0xf03dc230                NO_OF_QUERY
                0xf03dc231                FIVE_SEC_COUNT
                0xf03dc234                time
                0xf03dc250                pdpCntxtId
                0xf03dc254                WTD_Id2
                0xf03dc258                wtdid2
                0xf03dc25c                port2_dcb
                0xf03dc264                MODBUS_LEGTH
                0xf03dc3f4                NETLIGHT_OFFTIME
                0xf03dc3f5                NETLIGHT_SEC_COUNT
                0xf03dc3f6                FOTA_STATUS_VARIABLE
 *fill*         0xf03dc40e        0x2 
 COMMON         0xf03dc410      0x234 build\gcc\obj/custom/fota/src/fota_http.o
                0xf03dc410                httpMainContext
 COMMON         0xf03dc644       0xc0 build\gcc\obj/custom/fota/src/fota_main.o
                0xf03dc644                Fota_gprsCfg
                0xf03dc6f4                FotaConfig
 COMMON         0xf03dc704       0x10 libs/gcc/app_start.lib(ql_main.o)
                0xf03dc704                Ql_snprintf
                0xf03dc708                Ql_sprintf
                0xf03dc70c                Ql_Debug_Trace
                0xf03dc710                Ql_sscanf
 COMMON         0xf03dc714        0x4 libs/gcc/app_start.lib(ril_main.o)
                0xf03dc714                MQTT_Recvhandler
LOAD build\gcc\obj/custom/config/custom_sys_cfg.o
LOAD build\gcc\obj/custom/config/sys_config.o
LOAD build\gcc\obj/ril/src/ril_alarm.o
LOAD build\gcc\obj/ril/src/ril_atResponse.o
LOAD build\gcc\obj/ril/src/ril_audio.o
LOAD build\gcc\obj/ril/src/ril_bluetooth.o
LOAD build\gcc\obj/ril/src/ril_custom.o
LOAD build\gcc\obj/ril/src/ril_dtmf.o
LOAD build\gcc\obj/ril/src/ril_ftp.o
LOAD build\gcc\obj/ril/src/ril_http.o
LOAD build\gcc\obj/ril/src/ril_init.o
LOAD build\gcc\obj/ril/src/ril_location.o
LOAD build\gcc\obj/ril/src/ril_location2.o
LOAD build\gcc\obj/ril/src/ril_mqtt.o
LOAD build\gcc\obj/ril/src/ril_network.o
LOAD build\gcc\obj/ril/src/ril_ntp.o
LOAD build\gcc\obj/ril/src/ril_sim.o
LOAD build\gcc\obj/ril/src/ril_sms.o
LOAD build\gcc\obj/ril/src/ril_system.o
LOAD build\gcc\obj/ril/src/ril_telephony.o
LOAD build\gcc\obj/ril/src/ril_urc.o
LOAD build\gcc\obj/ril/src/ril_util.o
LOAD build\gcc\obj/example/example_Universal_Code_Modbus_Comm_V09.o
LOAD build\gcc\obj/custom/main.o
LOAD build\gcc\obj/custom/fota/src/fota_ftp.o
LOAD build\gcc\obj/custom/fota/src/fota_http.o
LOAD build\gcc\obj/custom/fota/src/fota_http_code.o
LOAD build\gcc\obj/custom/fota/src/fota_main.o
LOAD libs/gcc/app_start.lib
LOAD C:\Program Files (x86)\CodeSourcery\Sourcery_CodeBench_Lite_for_ARM_EABI/arm-none-eabi/lib/thumb/libm.a
LOAD C:\Program Files (x86)\CodeSourcery\Sourcery_CodeBench_Lite_for_ARM_EABI/arm-none-eabi/lib/thumb/libc.a
LOAD C:\Program Files (x86)\CodeSourcery\Sourcery_CodeBench_Lite_for_ARM_EABI/arm-none-eabi/lib/thumb/libcs3.a
LOAD C:\Program Files (x86)\CodeSourcery\Sourcery_CodeBench_Lite_for_ARM_EABI/lib/gcc/arm-none-eabi/4.7.2/thumb/libgcc.a
OUTPUT(build\gcc/APPGS3MDM32A01.elf elf32-littlearm)

.comment        0x00000000       0x30
 .comment       0x00000000       0x30 build\gcc\obj/custom/config/custom_sys_cfg.o
                                 0x31 (size before relaxing)
 .comment       0x00000000       0x31 build\gcc\obj/custom/config/sys_config.o
 .comment       0x00000000       0x31 build\gcc\obj/ril/src/ril_atResponse.o
 .comment       0x00000000       0x31 build\gcc\obj/ril/src/ril_audio.o
 .comment       0x00000000       0x31 build\gcc\obj/ril/src/ril_bluetooth.o
 .comment       0x00000000       0x31 build\gcc\obj/ril/src/ril_custom.o
 .comment       0x00000000       0x31 build\gcc\obj/ril/src/ril_dtmf.o
 .comment       0x00000000       0x31 build\gcc\obj/ril/src/ril_ftp.o
 .comment       0x00000000       0x31 build\gcc\obj/ril/src/ril_http.o
 .comment       0x00000000       0x31 build\gcc\obj/ril/src/ril_init.o
 .comment       0x00000000       0x31 build\gcc\obj/ril/src/ril_location.o
 .comment       0x00000000       0x31 build\gcc\obj/ril/src/ril_network.o
 .comment       0x00000000       0x31 build\gcc\obj/ril/src/ril_ntp.o
 .comment       0x00000000       0x31 build\gcc\obj/ril/src/ril_sim.o
 .comment       0x00000000       0x31 build\gcc\obj/ril/src/ril_sms.o
 .comment       0x00000000       0x31 build\gcc\obj/ril/src/ril_system.o
 .comment       0x00000000       0x31 build\gcc\obj/ril/src/ril_telephony.o
 .comment       0x00000000       0x31 build\gcc\obj/ril/src/ril_urc.o
 .comment       0x00000000       0x31 build\gcc\obj/ril/src/ril_util.o
 .comment       0x00000000       0x31 build\gcc\obj/example/example_Universal_Code_Modbus_Comm_V09.o
 .comment       0x00000000       0x31 build\gcc\obj/custom/fota/src/fota_ftp.o
 .comment       0x00000000       0x31 build\gcc\obj/custom/fota/src/fota_http.o
 .comment       0x00000000       0x31 build\gcc\obj/custom/fota/src/fota_http_code.o
 .comment       0x00000000       0x31 build\gcc\obj/custom/fota/src/fota_main.o
 .comment       0x00000000       0x31 libs/gcc/app_start.lib(fileSys.o)
 .comment       0x00000000       0x31 libs/gcc/app_start.lib(fota.o)
 .comment       0x00000000       0x31 libs/gcc/app_start.lib(gpio.o)
 .comment       0x00000000       0x31 libs/gcc/app_start.lib(gprs.o)
 .comment       0x00000000       0x31 libs/gcc/app_start.lib(lib_ril_sms.o)
 .comment       0x00000000       0x31 libs/gcc/app_start.lib(memory.o)
 .comment       0x00000000       0x31 libs/gcc/app_start.lib(ql_func.o)
 .comment       0x00000000       0x31 libs/gcc/app_start.lib(ql_main.o)
 .comment       0x00000000       0x31 libs/gcc/app_start.lib(ril_aux.o)
 .comment       0x00000000       0x31 libs/gcc/app_start.lib(ril_main.o)
 .comment       0x00000000       0x31 libs/gcc/app_start.lib(socket.o)
 .comment       0x00000000       0x31 libs/gcc/app_start.lib(stdlib_func.o)
 .comment       0x00000000       0x31 libs/gcc/app_start.lib(system.o)
 .comment       0x00000000       0x31 libs/gcc/app_start.lib(taskMngt.o)
 .comment       0x00000000       0x31 libs/gcc/app_start.lib(time.o)
 .comment       0x00000000       0x31 libs/gcc/app_start.lib(timer.o)
 .comment       0x00000000       0x31 libs/gcc/app_start.lib(uart.o)
 .comment       0x00000000       0x31 libs/gcc/app_start.lib(watchdog.o)

.ARM.attributes
                0x00000000       0x2b
 .ARM.attributes
                0x00000000       0x2b build\gcc\obj/custom/config/custom_sys_cfg.o
 .ARM.attributes
                0x0000002b       0x2b build\gcc\obj/custom/config/sys_config.o
 .ARM.attributes
                0x00000056       0x2b build\gcc\obj/ril/src/ril_atResponse.o
 .ARM.attributes
                0x00000081       0x2b build\gcc\obj/ril/src/ril_audio.o
 .ARM.attributes
                0x000000ac       0x2b build\gcc\obj/ril/src/ril_bluetooth.o
 .ARM.attributes
                0x000000d7       0x2b build\gcc\obj/ril/src/ril_custom.o
 .ARM.attributes
                0x00000102       0x2b build\gcc\obj/ril/src/ril_dtmf.o
 .ARM.attributes
                0x0000012d       0x2b build\gcc\obj/ril/src/ril_ftp.o
 .ARM.attributes
                0x00000158       0x2b build\gcc\obj/ril/src/ril_http.o
 .ARM.attributes
                0x00000183       0x2b build\gcc\obj/ril/src/ril_init.o
 .ARM.attributes
                0x000001ae       0x2b build\gcc\obj/ril/src/ril_location.o
 .ARM.attributes
                0x000001d9       0x2b build\gcc\obj/ril/src/ril_network.o
 .ARM.attributes
                0x00000204       0x2b build\gcc\obj/ril/src/ril_ntp.o
 .ARM.attributes
                0x0000022f       0x2b build\gcc\obj/ril/src/ril_sim.o
 .ARM.attributes
                0x0000025a       0x2b build\gcc\obj/ril/src/ril_sms.o